Archive member included to satisfy reference by file (symbol)

C:/ST/STM32CubeIDE_1.8.0/STM32CubeIDE/plugins/com.st.stm32cube.ide.mcu.externaltools.gnu-tools-for-stm32.11.3.rel1.win32_1.1.1.202309131626/tools/bin/../lib/gcc/arm-none-eabi/11.3.1/../../../../arm-none-eabi/lib/thumb/v7e-m+fp/hard\libc_nano.a(libc_a-exit.o)
                              C:/ST/STM32CubeIDE_1.8.0/STM32CubeIDE/plugins/com.st.stm32cube.ide.mcu.externaltools.gnu-tools-for-stm32.11.3.rel1.win32_1.1.1.202309131626/tools/bin/../lib/gcc/arm-none-eabi/11.3.1/../../../../arm-none-eabi/lib/thumb/v7e-m+fp/hard/crt0.o (exit)
C:/ST/STM32CubeIDE_1.8.0/STM32CubeIDE/plugins/com.st.stm32cube.ide.mcu.externaltools.gnu-tools-for-stm32.11.3.rel1.win32_1.1.1.202309131626/tools/bin/../lib/gcc/arm-none-eabi/11.3.1/../../../../arm-none-eabi/lib/thumb/v7e-m+fp/hard\libc_nano.a(libc_a-findfp.o)
                              C:/ST/STM32CubeIDE_1.8.0/STM32CubeIDE/plugins/com.st.stm32cube.ide.mcu.externaltools.gnu-tools-for-stm32.11.3.rel1.win32_1.1.1.202309131626/tools/bin/../lib/gcc/arm-none-eabi/11.3.1/../../../../arm-none-eabi/lib/thumb/v7e-m+fp/hard\libc_nano.a(libc_a-exit.o) (__stdio_exit_handler)
C:/ST/STM32CubeIDE_1.8.0/STM32CubeIDE/plugins/com.st.stm32cube.ide.mcu.externaltools.gnu-tools-for-stm32.11.3.rel1.win32_1.1.1.202309131626/tools/bin/../lib/gcc/arm-none-eabi/11.3.1/../../../../arm-none-eabi/lib/thumb/v7e-m+fp/hard\libc_nano.a(libc_a-fwalk.o)
                              C:/ST/STM32CubeIDE_1.8.0/STM32CubeIDE/plugins/com.st.stm32cube.ide.mcu.externaltools.gnu-tools-for-stm32.11.3.rel1.win32_1.1.1.202309131626/tools/bin/../lib/gcc/arm-none-eabi/11.3.1/../../../../arm-none-eabi/lib/thumb/v7e-m+fp/hard\libc_nano.a(libc_a-findfp.o) (_fwalk_sglue)
C:/ST/STM32CubeIDE_1.8.0/STM32CubeIDE/plugins/com.st.stm32cube.ide.mcu.externaltools.gnu-tools-for-stm32.11.3.rel1.win32_1.1.1.202309131626/tools/bin/../lib/gcc/arm-none-eabi/11.3.1/../../../../arm-none-eabi/lib/thumb/v7e-m+fp/hard\libc_nano.a(libc_a-stdio.o)
                              C:/ST/STM32CubeIDE_1.8.0/STM32CubeIDE/plugins/com.st.stm32cube.ide.mcu.externaltools.gnu-tools-for-stm32.11.3.rel1.win32_1.1.1.202309131626/tools/bin/../lib/gcc/arm-none-eabi/11.3.1/../../../../arm-none-eabi/lib/thumb/v7e-m+fp/hard\libc_nano.a(libc_a-findfp.o) (__sread)
C:/ST/STM32CubeIDE_1.8.0/STM32CubeIDE/plugins/com.st.stm32cube.ide.mcu.externaltools.gnu-tools-for-stm32.11.3.rel1.win32_1.1.1.202309131626/tools/bin/../lib/gcc/arm-none-eabi/11.3.1/../../../../arm-none-eabi/lib/thumb/v7e-m+fp/hard\libc_nano.a(libc_a-memset.o)
                              C:/ST/STM32CubeIDE_1.8.0/STM32CubeIDE/plugins/com.st.stm32cube.ide.mcu.externaltools.gnu-tools-for-stm32.11.3.rel1.win32_1.1.1.202309131626/tools/bin/../lib/gcc/arm-none-eabi/11.3.1/../../../../arm-none-eabi/lib/thumb/v7e-m+fp/hard/crt0.o (memset)
C:/ST/STM32CubeIDE_1.8.0/STM32CubeIDE/plugins/com.st.stm32cube.ide.mcu.externaltools.gnu-tools-for-stm32.11.3.rel1.win32_1.1.1.202309131626/tools/bin/../lib/gcc/arm-none-eabi/11.3.1/../../../../arm-none-eabi/lib/thumb/v7e-m+fp/hard\libc_nano.a(libc_a-closer.o)
                              C:/ST/STM32CubeIDE_1.8.0/STM32CubeIDE/plugins/com.st.stm32cube.ide.mcu.externaltools.gnu-tools-for-stm32.11.3.rel1.win32_1.1.1.202309131626/tools/bin/../lib/gcc/arm-none-eabi/11.3.1/../../../../arm-none-eabi/lib/thumb/v7e-m+fp/hard\libc_nano.a(libc_a-stdio.o) (_close_r)
C:/ST/STM32CubeIDE_1.8.0/STM32CubeIDE/plugins/com.st.stm32cube.ide.mcu.externaltools.gnu-tools-for-stm32.11.3.rel1.win32_1.1.1.202309131626/tools/bin/../lib/gcc/arm-none-eabi/11.3.1/../../../../arm-none-eabi/lib/thumb/v7e-m+fp/hard\libc_nano.a(libc_a-reent.o)
                              C:/ST/STM32CubeIDE_1.8.0/STM32CubeIDE/plugins/com.st.stm32cube.ide.mcu.externaltools.gnu-tools-for-stm32.11.3.rel1.win32_1.1.1.202309131626/tools/bin/../lib/gcc/arm-none-eabi/11.3.1/../../../../arm-none-eabi/lib/thumb/v7e-m+fp/hard\libc_nano.a(libc_a-closer.o) (errno)
C:/ST/STM32CubeIDE_1.8.0/STM32CubeIDE/plugins/com.st.stm32cube.ide.mcu.externaltools.gnu-tools-for-stm32.11.3.rel1.win32_1.1.1.202309131626/tools/bin/../lib/gcc/arm-none-eabi/11.3.1/../../../../arm-none-eabi/lib/thumb/v7e-m+fp/hard\libc_nano.a(libc_a-impure.o)
                              C:/ST/STM32CubeIDE_1.8.0/STM32CubeIDE/plugins/com.st.stm32cube.ide.mcu.externaltools.gnu-tools-for-stm32.11.3.rel1.win32_1.1.1.202309131626/tools/bin/../lib/gcc/arm-none-eabi/11.3.1/../../../../arm-none-eabi/lib/thumb/v7e-m+fp/hard\libc_nano.a(libc_a-reent.o) (_impure_ptr)
C:/ST/STM32CubeIDE_1.8.0/STM32CubeIDE/plugins/com.st.stm32cube.ide.mcu.externaltools.gnu-tools-for-stm32.11.3.rel1.win32_1.1.1.202309131626/tools/bin/../lib/gcc/arm-none-eabi/11.3.1/../../../../arm-none-eabi/lib/thumb/v7e-m+fp/hard\libc_nano.a(libc_a-lseekr.o)
[...]
Memory Configuration

Name             Origin             Length             Attributes
RAM              0x0000000020000000 0x0000000000050000 xrw
FLASH            0x0000000008000000 0x0000000000100000 xr
*default*        0x0000000000000000 0xffffffffffffffff

Linker script and memory map

LOAD C:/ST/STM32CubeIDE_1.8.0/STM32CubeIDE/plugins/com.st.stm32cube.ide.mcu.externaltools.gnu-tools-for-stm32.11.3.rel1.win32_1.1.1.202309131626/tools/bin/../lib/gcc/arm-none-eabi/11.3.1/thumb/v7e-m+fp/hard/crti.o
LOAD C:/ST/STM32CubeIDE_1.8.0/STM32CubeIDE/plugins/com.st.stm32cube.ide.mcu.externaltools.gnu-tools-for-stm32.11.3.rel1.win32_1.1.1.202309131626/tools/bin/../lib/gcc/arm-none-eabi/11.3.1/thumb/v7e-m+fp/hard/crtbegin.o
LOAD C:/ST/STM32CubeIDE_1.8.0/STM32CubeIDE/plugins/com.st.stm32cube.ide.mcu.externaltools.gnu-tools-for-stm32.11.3.rel1.win32_1.1.1.202309131626/tools/bin/../lib/gcc/arm-none-eabi/11.3.1/../../../../arm-none-eabi/lib/thumb/v7e-m+fp/hard/crt0.o
LOAD ./Components/Src/dio.o
LOAD ./Components/Src/led.o
LOAD ./Components/Src/led_config.o
LOAD ./Components/Src/pwm.o
LOAD ./Core/Src/gpio.o
LOAD ./Core/Src/main.o
LOAD ./Core/Src/stm32f7xx_hal_msp.o
LOAD ./Core/Src/stm32f7xx_it.o
LOAD ./Core/Src/syscalls.o
LOAD ./Core/Src/sysmem.o
LOAD ./Core/Src/system_stm32f7xx.o
LOAD ./Core/Src/tim.o
LOAD ./Core/Src/usart.o
LOAD ./Core/Startup/startup_stm32f746zgtx.o
LOAD ./Drivers/STM32F7xx_HAL_Driver/Src/stm32f7xx_hal.o
LOAD ./Drivers/STM32F7xx_HAL_Driver/Src/stm32f7xx_hal_cortex.o
LOAD ./Drivers/STM32F7xx_HAL_Driver/Src/stm32f7xx_hal_dma.o
LOAD ./Drivers/STM32F7xx_HAL_Driver/Src/stm32f7xx_hal_dma_ex.o
LOAD ./Drivers/STM32F7xx_HAL_Driver/Src/stm32f7xx_hal_exti.o
LOAD ./Drivers/STM32F7xx_HAL_Driver/Src/stm32f7xx_hal_flash.o
LOAD ./Drivers/STM32F7xx_HAL_Driver/Src/stm32f7xx_hal_flash_ex.o
LOAD ./Drivers/STM32F7xx_HAL_Driver/Src/stm32f7xx_hal_gpio.o
LOAD ./Drivers/STM32F7xx_HAL_Driver/Src/stm32f7xx_hal_i2c.o
LOAD ./Drivers/STM32F7xx_HAL_Driver/Src/stm32f7xx_hal_i2c_ex.o
LOAD ./Drivers/STM32F7xx_HAL_Driver/Src/stm32f7xx_hal_pwr.o
LOAD ./Drivers/STM32F7xx_HAL_Driver/Src/stm32f7xx_hal_pwr_ex.o
LOAD ./Drivers/STM32F7xx_HAL_Driver/Src/stm32f7xx_hal_rcc.o
LOAD ./Drivers/STM32F7xx_HAL_Driver/Src/stm32f7xx_hal_rcc_ex.o
LOAD ./Drivers/STM32F7xx_HAL_Driver/Src/stm32f7xx_hal_tim.o
LOAD ./Drivers/STM32F7xx_HAL_Driver/Src/stm32f7xx_hal_tim_ex.o
LOAD ./Drivers/STM32F7xx_HAL_Driver/Src/stm32f7xx_hal_uart.o
LOAD ./Drivers/STM32F7xx_HAL_Driver/Src/stm32f7xx_hal_uart_ex.o
START GROUP
LOAD C:/ST/STM32CubeIDE_1.8.0/STM32CubeIDE/plugins/com.st.stm32cube.ide.mcu.externaltools.gnu-tools-for-stm32.11.3.rel1.win32_1.1.1.202309131626/tools/bin/../lib/gcc/arm-none-eabi/11.3.1/../../../../arm-none-eabi/lib/thumb/v7e-m+fp/hard\libc_nano.a
LOAD C:/ST/STM32CubeIDE_1.8.0/STM32CubeIDE/plugins/com.st.stm32cube.ide.mcu.externaltools.gnu-tools-for-stm32.11.3.rel1.win32_1.1.1.202309131626/tools/bin/../lib/gcc/arm-none-eabi/11.3.1/../../../../arm-none-eabi/lib/thumb/v7e-m+fp/hard\libm.a
END GROUP
START GROUP
LOAD C:/ST/STM32CubeIDE_1.8.0/STM32CubeIDE/plugins/com.st.stm32cube.ide.mcu.externaltools.gnu-tools-for-stm32.11.3.rel1.win32_1.1.1.202309131626/tools/bin/../lib/gcc/arm-none-eabi/11.3.1/thumb/v7e-m+fp/hard\libgcc.a
LOAD C:/ST/STM32CubeIDE_1.8.0/STM32CubeIDE/plugins/com.st.stm32cube.ide.mcu.externaltools.gnu-tools-for-stm32.11.3.rel1.win32_1.1.1.202309131626/tools/bin/../lib/gcc/arm-none-eabi/11.3.1/../../../../arm-none-eabi/lib/thumb/v7e-m+fp/hard\libc_nano.a
END GROUP
START GROUP
LOAD C:/ST/STM32CubeIDE_1.8.0/STM32CubeIDE/plugins/com.st.stm32cube.ide.mcu.externaltools.gnu-tools-for-stm32.11.3.rel1.win32_1.1.1.202309131626/tools/bin/../lib/gcc/arm-none-eabi/11.3.1/thumb/v7e-m+fp/hard\libgcc.a
LOAD C:/ST/STM32CubeIDE_1.8.0/STM32CubeIDE/plugins/com.st.stm32cube.ide.mcu.externaltools.gnu-tools-for-stm32.11.3.rel1.win32_1.1.1.202309131626/tools/bin/../lib/gcc/arm-none-eabi/11.3.1/../../../../arm-none-eabi/lib/thumb/v7e-m+fp/hard\libc_nano.a
LOAD C:/ST/STM32CubeIDE_1.8.0/STM32CubeIDE/plugins/com.st.stm32cube.ide.mcu.externaltools.gnu-tools-for-stm32.11.3.rel1.win32_1.1.1.202309131626/tools/bin/../lib/gcc/arm-none-eabi/11.3.1/../../../../arm-none-eabi/lib/thumb/v7e-m+fp/hard\libnosys.a
END GROUP
START GROUP
LOAD C:/ST/STM32CubeIDE_1.8.0/STM32CubeIDE/plugins/com.st.stm32cube.ide.mcu.externaltools.gnu-tools-for-stm32.11.3.rel1.win32_1.1.1.202309131626/tools/bin/../lib/gcc/arm-none-eabi/11.3.1/thumb/v7e-m+fp/hard\libgcc.a
LOAD C:/ST/STM32CubeIDE_1.8.0/STM32CubeIDE/plugins/com.st.stm32cube.ide.mcu.externaltools.gnu-tools-for-stm32.11.3.rel1.win32_1.1.1.202309131626/tools/bin/../lib/gcc/arm-none-eabi/11.3.1/../../../../arm-none-eabi/lib/thumb/v7e-m+fp/hard\libc_nano.a
LOAD C:/ST/STM32CubeIDE_1.8.0/STM32CubeIDE/plugins/com.st.stm32cube.ide.mcu.externaltools.gnu-tools-for-stm32.11.3.rel1.win32_1.1.1.202309131626/tools/bin/../lib/gcc/arm-none-eabi/11.3.1/../../../../arm-none-eabi/lib/thumb/v7e-m+fp/hard\libnosys.a
END GROUP
LOAD C:/ST/STM32CubeIDE_1.8.0/STM32CubeIDE/plugins/com.st.stm32cube.ide.mcu.externaltools.gnu-tools-for-stm32.11.3.rel1.win32_1.1.1.202309131626/tools/bin/../lib/gcc/arm-none-eabi/11.3.1/thumb/v7e-m+fp/hard/crtend.o
LOAD C:/ST/STM32CubeIDE_1.8.0/STM32CubeIDE/plugins/com.st.stm32cube.ide.mcu.externaltools.gnu-tools-for-stm32.11.3.rel1.win32_1.1.1.202309131626/tools/bin/../lib/gcc/arm-none-eabi/11.3.1/thumb/v7e-m+fp/hard/crtn.o
                0x0000000020050000                _estack = (ORIGIN (RAM) + LENGTH (RAM))
                0x0000000000000200                _Min_Heap_Size = 0x200
                0x0000000000000400                _Min_Stack_Size = 0x400

.isr_vector     0x0000000008000000      0x1c8
                0x0000000008000000                . = ALIGN (0x4)
 *(.isr_vector)
 .isr_vector    0x0000000008000000      0x1c8 ./Core/Startup/startup_stm32f746zgtx.o
                0x0000000008000000                g_pfnVectors
                0x00000000080001c8                . = ALIGN (0x4)

.text           0x00000000080001c8     0x4694
                0x00000000080001c8                . = ALIGN (0x4)
 *(.text)
 .text          0x00000000080001c8       0x40 C:/ST/STM32CubeIDE_1.8.0/STM32CubeIDE/plugins/com.st.stm32cube.ide.mcu.externaltools.gnu-tools-for-stm32.11.3.rel1.win32_1.1.1.202309131626/tools/bin/../lib/gcc/arm-none-eabi/11.3.1/thumb/v7e-m+fp/hard/crtbegin.o
 .text          0x0000000008000208       0x30 C:/ST/STM32CubeIDE_1.8.0/STM32CubeIDE/plugins/com.st.stm32cube.ide.mcu.externaltools.gnu-tools-for-stm32.11.3.rel1.win32_1.1.1.202309131626/tools/bin/../lib/gcc/arm-none-eabi/11.3.1/thumb/v7e-m+fp/hard\libgcc.a(_aeabi_uldivmod.o)
                0x0000000008000208                __aeabi_uldivmod
 .text          0x0000000008000238      0x2c8 C:/ST/STM32CubeIDE_1.8.0/STM32CubeIDE/plugins/com.st.stm32cube.ide.mcu.externaltools.gnu-tools-for-stm32.11.3.rel1.win32_1.1.1.202309131626/tools/bin/../lib/gcc/arm-none-eabi/11.3.1/thumb/v7e-m+fp/hard\libgcc.a(_udivmoddi4.o)
                0x0000000008000238                __udivmoddi4
 .text          0x0000000008000500        0x4 C:/ST/STM32CubeIDE_1.8.0/STM32CubeIDE/plugins/com.st.stm32cube.ide.mcu.externaltools.gnu-tools-for-stm32.11.3.rel1.win32_1.1.1.202309131626/tools/bin/../lib/gcc/arm-none-eabi/11.3.1/thumb/v7e-m+fp/hard\libgcc.a(_dvmd_tls.o)
                0x0000000008000500                __aeabi_idiv0
                0x0000000008000500                __aeabi_ldiv0
 *(.text*)
 .text.LED_PWM_Init
                0x0000000008000504       0x40 ./Components/Src/led.o
                0x0000000008000504                LED_PWM_Init
 .text.LED_PWM_WriteDuty
                0x0000000008000544       0x4c ./Components/Src/led.o
                0x0000000008000544                LED_PWM_WriteDuty
 .text.PWM_Init
                0x0000000008000590       0x30 ./Components/Src/pwm.o
                0x0000000008000590                PWM_Init
 .text.PWM_WriteDuty
                0x00000000080005c0       0xec ./Components/Src/pwm.o
                0x00000000080005c0                PWM_WriteDuty
 .text.MX_GPIO_Init
                0x00000000080006ac      0x2a4 ./Core/Src/gpio.o
                0x00000000080006ac                MX_GPIO_Init
 .text.main     0x0000000008000950       0x48 ./Core/Src/main.o
                0x0000000008000950                main
 .text.SystemClock_Config
                0x0000000008000998       0xdc ./Core/Src/main.o
                0x0000000008000998                SystemClock_Config
 .text.Error_Handler
                0x0000000008000a74        0xa ./Core/Src/main.o
                0x0000000008000a74                Error_Handler
 *fill*         0x0000000008000a7e        0x2 
 .text.HAL_MspInit
                0x0000000008000a80       0x48 ./Core/Src/stm32f7xx_hal_msp.o
                0x0000000008000a80                HAL_MspInit
 .text.NMI_Handler
                0x0000000008000ac8        0x6 ./Core/Src/stm32f7xx_it.o
                0x0000000008000ac8                NMI_Handler
 .text.HardFault_Handler
                0x0000000008000ace        0x6 ./Core/Src/stm32f7xx_it.o
                0x0000000008000ace                HardFault_Handler
 .text.MemManage_Handler
                0x0000000008000ad4        0x6 ./Core/Src/stm32f7xx_it.o
                0x0000000008000ad4                MemManage_Handler
 .text.BusFault_Handler
                0x0000000008000ada        0x6 ./Core/Src/stm32f7xx_it.o
                0x0000000008000ada                BusFault_Handler
 .text.UsageFault_Handler
                0x0000000008000ae0        0x6 ./Core/Src/stm32f7xx_it.o
                0x0000000008000ae0                UsageFault_Handler
 .text.SVC_Handler
                0x0000000008000ae6        0xe ./Core/Src/stm32f7xx_it.o
                0x0000000008000ae6                SVC_Handler
 .text.DebugMon_Handler
                0x0000000008000af4        0xe ./Core/Src/stm32f7xx_it.o
                0x0000000008000af4                DebugMon_Handler
 .text.PendSV_Handler
                0x0000000008000b02        0xe ./Core/Src/stm32f7xx_it.o
                0x0000000008000b02                PendSV_Handler
 .text.SysTick_Handler
                0x0000000008000b10        0xc ./Core/Src/stm32f7xx_it.o
                0x0000000008000b10                SysTick_Handler
 .text.USART3_IRQHandler
                0x0000000008000b1c       0x14 ./Core/Src/stm32f7xx_it.o
                0x0000000008000b1c                USART3_IRQHandler
 .text.SystemInit
                0x0000000008000b30       0x24 ./Core/Src/system_stm32f7xx.o
                0x0000000008000b30                SystemInit
 .text.MX_TIM3_Init
                0x0000000008000b54      0x11c ./Core/Src/tim.o
                0x0000000008000b54                MX_TIM3_Init
 .text.HAL_TIM_Base_MspInit
                0x0000000008000c70       0x40 ./Core/Src/tim.o
                0x0000000008000c70                HAL_TIM_Base_MspInit
 .text.HAL_TIM_MspPostInit
                0x0000000008000cb0       0x70 ./Core/Src/tim.o
                0x0000000008000cb0                HAL_TIM_MspPostInit
 .text.MX_USART3_UART_Init
                0x0000000008000d20       0x60 ./Core/Src/usart.o
                0x0000000008000d20                MX_USART3_UART_Init
 .text.HAL_UART_MspInit
                0x0000000008000d80       0xd0 ./Core/Src/usart.o
                0x0000000008000d80                HAL_UART_MspInit
 .text.Reset_Handler
                0x0000000008000e50       0x50 ./Core/Startup/startup_stm32f746zgtx.o
                0x0000000008000e50                Reset_Handler
 .text.Default_Handler
                0x0000000008000ea0        0x2 ./Core/Startup/startup_stm32f746zgtx.o
                0x0000000008000ea0                RTC_Alarm_IRQHandler
                0x0000000008000ea0                EXTI2_IRQHandler
                0x0000000008000ea0                TIM8_CC_IRQHandler
                0x0000000008000ea0                UART8_IRQHandler
                0x0000000008000ea0                SPI4_IRQHandler
                0x0000000008000ea0                TIM1_CC_IRQHandler
                0x0000000008000ea0                DMA2_Stream5_IRQHandler
                0x0000000008000ea0                DMA1_Stream5_IRQHandler
                0x0000000008000ea0                PVD_IRQHandler
                0x0000000008000ea0                TAMP_STAMP_IRQHandler
                0x0000000008000ea0                CAN2_RX1_IRQHandler
                0x0000000008000ea0                EXTI3_IRQHandler
                0x0000000008000ea0                TIM8_TRG_COM_TIM14_IRQHandler
                0x0000000008000ea0                TIM1_UP_TIM10_IRQHandler
                0x0000000008000ea0                TIM8_UP_TIM13_IRQHandler
                0x0000000008000ea0                I2C3_ER_IRQHandler
                0x0000000008000ea0                EXTI0_IRQHandler
                0x0000000008000ea0                I2C2_EV_IRQHandler
                0x0000000008000ea0                DMA1_Stream2_IRQHandler
                0x0000000008000ea0                CAN1_RX0_IRQHandler
                0x0000000008000ea0                FPU_IRQHandler
                0x0000000008000ea0                OTG_HS_WKUP_IRQHandler
                0x0000000008000ea0                LTDC_ER_IRQHandler
                0x0000000008000ea0                CAN2_SCE_IRQHandler
                0x0000000008000ea0                DMA2_Stream2_IRQHandler
                0x0000000008000ea0                SPI1_IRQHandler
                0x0000000008000ea0                TIM6_DAC_IRQHandler
                0x0000000008000ea0                TIM1_BRK_TIM9_IRQHandler
                0x0000000008000ea0                DCMI_IRQHandler
                0x0000000008000ea0                CAN2_RX0_IRQHandler
                0x0000000008000ea0                DMA2_Stream3_IRQHandler
                0x0000000008000ea0                SAI2_IRQHandler
                0x0000000008000ea0                USART6_IRQHandler
                0x0000000008000ea0                CAN1_RX1_IRQHandler
                0x0000000008000ea0                UART5_IRQHandler
                0x0000000008000ea0                DMA2_Stream0_IRQHandler
                0x0000000008000ea0                TIM4_IRQHandler
                0x0000000008000ea0                QUADSPI_IRQHandler
                0x0000000008000ea0                I2C1_EV_IRQHandler
                0x0000000008000ea0                DMA1_Stream6_IRQHandler
                0x0000000008000ea0                DMA1_Stream1_IRQHandler
                0x0000000008000ea0                UART4_IRQHandler
                0x0000000008000ea0                TIM3_IRQHandler
                0x0000000008000ea0                RCC_IRQHandler
                0x0000000008000ea0                TIM8_BRK_TIM12_IRQHandler
                0x0000000008000ea0                Default_Handler
                0x0000000008000ea0                CEC_IRQHandler
                0x0000000008000ea0                EXTI15_10_IRQHandler
                0x0000000008000ea0                ADC_IRQHandler
                0x0000000008000ea0                DMA1_Stream7_IRQHandler
                0x0000000008000ea0                SPI5_IRQHandler
                0x0000000008000ea0                TIM7_IRQHandler
                0x0000000008000ea0                SDMMC1_IRQHandler
                0x0000000008000ea0                CAN2_TX_IRQHandler
                0x0000000008000ea0                TIM5_IRQHandler
                0x0000000008000ea0                DMA2_Stream7_IRQHandler
                0x0000000008000ea0                I2C3_EV_IRQHandler
                0x0000000008000ea0                EXTI9_5_IRQHandler
                0x0000000008000ea0                RTC_WKUP_IRQHandler
                0x0000000008000ea0                LTDC_IRQHandler
                0x0000000008000ea0                ETH_WKUP_IRQHandler
                0x0000000008000ea0                SPDIF_RX_IRQHandler
                0x0000000008000ea0                SPI2_IRQHandler
                0x0000000008000ea0                OTG_HS_EP1_IN_IRQHandler
                0x0000000008000ea0                DMA1_Stream0_IRQHandler
                0x0000000008000ea0                CAN1_TX_IRQHandler
                0x0000000008000ea0                EXTI4_IRQHandler
                0x0000000008000ea0                RNG_IRQHandler
                0x0000000008000ea0                ETH_IRQHandler
                0x0000000008000ea0                OTG_HS_EP1_OUT_IRQHandler
                0x0000000008000ea0                WWDG_IRQHandler
                0x0000000008000ea0                SPI6_IRQHandler
                0x0000000008000ea0                I2C4_EV_IRQHandler
                0x0000000008000ea0                TIM2_IRQHandler
                0x0000000008000ea0                OTG_FS_WKUP_IRQHandler
                0x0000000008000ea0                TIM1_TRG_COM_TIM11_IRQHandler
                0x0000000008000ea0                OTG_HS_IRQHandler
                0x0000000008000ea0                DMA2D_IRQHandler
                0x0000000008000ea0                EXTI1_IRQHandler
                0x0000000008000ea0                UART7_IRQHandler
                0x0000000008000ea0                USART2_IRQHandler
                0x0000000008000ea0                I2C2_ER_IRQHandler
                0x0000000008000ea0                DMA2_Stream1_IRQHandler
                0x0000000008000ea0                CAN1_SCE_IRQHandler
                0x0000000008000ea0                FLASH_IRQHandler
                0x0000000008000ea0                DMA2_Stream4_IRQHandler
                0x0000000008000ea0                USART1_IRQHandler
                0x0000000008000ea0                OTG_FS_IRQHandler
                0x0000000008000ea0                SPI3_IRQHandler
                0x0000000008000ea0                DMA1_Stream4_IRQHandler
                0x0000000008000ea0                I2C1_ER_IRQHandler
                0x0000000008000ea0                FMC_IRQHandler
                0x0000000008000ea0                LPTIM1_IRQHandler
                0x0000000008000ea0                I2C4_ER_IRQHandler
                0x0000000008000ea0                DMA2_Stream6_IRQHandler
                0x0000000008000ea0                SAI1_IRQHandler
                0x0000000008000ea0                DMA1_Stream3_IRQHandler
 .text.HAL_Init
                0x0000000008000ea2       0x1a ./Drivers/STM32F7xx_HAL_Driver/Src/stm32f7xx_hal.o
                0x0000000008000ea2                HAL_Init
 .text.HAL_InitTick
                0x0000000008000ebc       0x60 ./Drivers/STM32F7xx_HAL_Driver/Src/stm32f7xx_hal.o
                0x0000000008000ebc                HAL_InitTick
 .text.HAL_IncTick
                0x0000000008000f1c       0x28 ./Drivers/STM32F7xx_HAL_Driver/Src/stm32f7xx_hal.o
                0x0000000008000f1c                HAL_IncTick
 .text.HAL_GetTick
                0x0000000008000f44       0x18 ./Drivers/STM32F7xx_HAL_Driver/Src/stm32f7xx_hal.o
                0x0000000008000f44                HAL_GetTick
 .text.__NVIC_SetPriorityGrouping
                0x0000000008000f5c       0x48 ./Drivers/STM32F7xx_HAL_Driver/Src/stm32f7xx_hal_cortex.o
 .text.__NVIC_GetPriorityGrouping
                0x0000000008000fa4       0x1c ./Drivers/STM32F7xx_HAL_Driver/Src/stm32f7xx_hal_cortex.o
 .text.__NVIC_EnableIRQ
                0x0000000008000fc0       0x3c ./Drivers/STM32F7xx_HAL_Driver/Src/stm32f7xx_hal_cortex.o
 .text.__NVIC_SetPriority
                0x0000000008000ffc       0x54 ./Drivers/STM32F7xx_HAL_Driver/Src/stm32f7xx_hal_cortex.o
 .text.NVIC_EncodePriority
                0x0000000008001050       0x66 ./Drivers/STM32F7xx_HAL_Driver/Src/stm32f7xx_hal_cortex.o
 *fill*         0x00000000080010b6        0x2 
 .text.SysTick_Config
                0x00000000080010b8       0x44 ./Drivers/STM32F7xx_HAL_Driver/Src/stm32f7xx_hal_cortex.o
 .text.HAL_NVIC_SetPriorityGrouping
                0x00000000080010fc       0x16 ./Drivers/STM32F7xx_HAL_Driver/Src/stm32f7xx_hal_cortex.o
                0x00000000080010fc                HAL_NVIC_SetPriorityGrouping
 .text.HAL_NVIC_SetPriority
                0x0000000008001112       0x38 ./Drivers/STM32F7xx_HAL_Driver/Src/stm32f7xx_hal_cortex.o
                0x0000000008001112                HAL_NVIC_SetPriority
 .text.HAL_NVIC_EnableIRQ
                0x000000000800114a       0x1c ./Drivers/STM32F7xx_HAL_Driver/Src/stm32f7xx_hal_cortex.o
                0x000000000800114a                HAL_NVIC_EnableIRQ
 .text.HAL_SYSTICK_Config
                0x0000000008001166       0x18 ./Drivers/STM32F7xx_HAL_Driver/Src/stm32f7xx_hal_cortex.o
                0x0000000008001166                HAL_SYSTICK_Config
 .text.HAL_DMA_Abort
                0x000000000800117e       0xe0 ./Drivers/STM32F7xx_HAL_Driver/Src/stm32f7xx_hal_dma.o
                0x000000000800117e                HAL_DMA_Abort
 .text.HAL_DMA_Abort_IT
                0x000000000800125e       0x44 ./Drivers/STM32F7xx_HAL_Driver/Src/stm32f7xx_hal_dma.o
                0x000000000800125e                HAL_DMA_Abort_IT
 *fill*         0x00000000080012a2        0x2 
 .text.HAL_GPIO_Init
                0x00000000080012a4      0x358 ./Drivers/STM32F7xx_HAL_Driver/Src/stm32f7xx_hal_gpio.o
                0x00000000080012a4                HAL_GPIO_Init
 .text.HAL_GPIO_WritePin
                0x00000000080015fc       0x32 ./Drivers/STM32F7xx_HAL_Driver/Src/stm32f7xx_hal_gpio.o
                0x00000000080015fc                HAL_GPIO_WritePin
 *fill*         0x000000000800162e        0x2 
 .text.HAL_PWR_EnableBkUpAccess
                0x0000000008001630       0x20 ./Drivers/STM32F7xx_HAL_Driver/Src/stm32f7xx_hal_pwr.o
                0x0000000008001630                HAL_PWR_EnableBkUpAccess
 .text.HAL_PWREx_EnableOverDrive
                0x0000000008001650       0xa0 ./Drivers/STM32F7xx_HAL_Driver/Src/stm32f7xx_hal_pwr_ex.o
                0x0000000008001650                HAL_PWREx_EnableOverDrive
 .text.HAL_RCC_OscConfig
                0x00000000080016f0      0x548 ./Drivers/STM32F7xx_HAL_Driver/Src/stm32f7xx_hal_rcc.o
                0x00000000080016f0                HAL_RCC_OscConfig
 .text.HAL_RCC_ClockConfig
                0x0000000008001c38      0x1d8 ./Drivers/STM32F7xx_HAL_Driver/Src/stm32f7xx_hal_rcc.o
                0x0000000008001c38                HAL_RCC_ClockConfig
 .text.HAL_RCC_GetSysClockFreq
                0x0000000008001e10      0x20c ./Drivers/STM32F7xx_HAL_Driver/Src/stm32f7xx_hal_rcc.o
                0x0000000008001e10                HAL_RCC_GetSysClockFreq
 .text.HAL_RCC_GetHCLKFreq
                0x000000000800201c       0x18 ./Drivers/STM32F7xx_HAL_Driver/Src/stm32f7xx_hal_rcc.o
                0x000000000800201c                HAL_RCC_GetHCLKFreq
 .text.HAL_RCC_GetPCLK1Freq
                0x0000000008002034       0x28 ./Drivers/STM32F7xx_HAL_Driver/Src/stm32f7xx_hal_rcc.o
                0x0000000008002034                HAL_RCC_GetPCLK1Freq
 .text.HAL_RCC_GetPCLK2Freq
                0x000000000800205c       0x28 ./Drivers/STM32F7xx_HAL_Driver/Src/stm32f7xx_hal_rcc.o
                0x000000000800205c                HAL_RCC_GetPCLK2Freq
 .text.HAL_RCCEx_PeriphCLKConfig
                0x0000000008002084      0x7e0 ./Drivers/STM32F7xx_HAL_Driver/Src/stm32f7xx_hal_rcc_ex.o
                0x0000000008002084                HAL_RCCEx_PeriphCLKConfig
 .text.HAL_TIM_Base_Init
                0x0000000008002864       0xae ./Drivers/STM32F7xx_HAL_Driver/Src/stm32f7xx_hal_tim.o
                0x0000000008002864                HAL_TIM_Base_Init
 .text.HAL_TIM_PWM_Init
                0x0000000008002912       0xae ./Drivers/STM32F7xx_HAL_Driver/Src/stm32f7xx_hal_tim.o
                0x0000000008002912                HAL_TIM_PWM_Init
 .text.HAL_TIM_PWM_MspInit
                0x00000000080029c0       0x14 ./Drivers/STM32F7xx_HAL_Driver/Src/stm32f7xx_hal_tim.o
                0x00000000080029c0                HAL_TIM_PWM_MspInit
 .text.HAL_TIM_PWM_Start
                0x00000000080029d4      0x1f4 ./Drivers/STM32F7xx_HAL_Driver/Src/stm32f7xx_hal_tim.o
                0x00000000080029d4                HAL_TIM_PWM_Start
 .text.HAL_TIM_PWM_ConfigChannel
                0x0000000008002bc8      0x228 ./Drivers/STM32F7xx_HAL_Driver/Src/stm32f7xx_hal_tim.o
                0x0000000008002bc8                HAL_TIM_PWM_ConfigChannel
 .text.HAL_TIM_ConfigClockSource
                0x0000000008002df0      0x194 ./Drivers/STM32F7xx_HAL_Driver/Src/stm32f7xx_hal_tim.o
                0x0000000008002df0                HAL_TIM_ConfigClockSource
 .text.TIM_Base_SetConfig
                0x0000000008002f84      0x140 ./Drivers/STM32F7xx_HAL_Driver/Src/stm32f7xx_hal_tim.o
                0x0000000008002f84                TIM_Base_SetConfig
 .text.TIM_OC1_SetConfig
                0x00000000080030c4       0xe4 ./Drivers/STM32F7xx_HAL_Driver/Src/stm32f7xx_hal_tim.o
 .text.TIM_OC2_SetConfig
                0x00000000080031a8       0xf0 ./Drivers/STM32F7xx_HAL_Driver/Src/stm32f7xx_hal_tim.o
                0x00000000080031a8                TIM_OC2_SetConfig
 .text.TIM_OC3_SetConfig
                0x0000000008003298       0xec ./Drivers/STM32F7xx_HAL_Driver/Src/stm32f7xx_hal_tim.o
 .text.TIM_OC4_SetConfig
                0x0000000008003384       0xb0 ./Drivers/STM32F7xx_HAL_Driver/Src/stm32f7xx_hal_tim.o
 .text.TIM_OC5_SetConfig
                0x0000000008003434       0xa4 ./Drivers/STM32F7xx_HAL_Driver/Src/stm32f7xx_hal_tim.o
 .text.TIM_OC6_SetConfig
                0x00000000080034d8       0xa8 ./Drivers/STM32F7xx_HAL_Driver/Src/stm32f7xx_hal_tim.o
 .text.TIM_TI1_ConfigInputStage
                0x0000000008003580       0x5e ./Drivers/STM32F7xx_HAL_Driver/Src/stm32f7xx_hal_tim.o
 .text.TIM_TI2_ConfigInputStage
                0x00000000080035de       0x60 ./Drivers/STM32F7xx_HAL_Driver/Src/stm32f7xx_hal_tim.o
 .text.TIM_ITRx_SetConfig
                0x000000000800363e       0x36 ./Drivers/STM32F7xx_HAL_Driver/Src/stm32f7xx_hal_tim.o
 .text.TIM_ETR_SetConfig
                0x0000000008003674       0x40 ./Drivers/STM32F7xx_HAL_Driver/Src/stm32f7xx_hal_tim.o
                0x0000000008003674                TIM_ETR_SetConfig
 .text.TIM_CCxChannelCmd
                0x00000000080036b4       0x4a ./Drivers/STM32F7xx_HAL_Driver/Src/stm32f7xx_hal_tim.o
                0x00000000080036b4                TIM_CCxChannelCmd
 *fill*         0x00000000080036fe        0x2 
 .text.HAL_TIMEx_MasterConfigSynchronization
                0x0000000008003700      0x11c ./Drivers/STM32F7xx_HAL_Driver/Src/stm32f7xx_hal_tim_ex.o
                0x0000000008003700                HAL_TIMEx_MasterConfigSynchronization
 .text.HAL_UART_Init
                0x000000000800381c       0x9c ./Drivers/STM32F7xx_HAL_Driver/Src/stm32f7xx_hal_uart.o
                0x000000000800381c                HAL_UART_Init
 .text.HAL_UART_IRQHandler
                0x00000000080038b8      0x5a4 ./Drivers/STM32F7xx_HAL_Driver/Src/stm32f7xx_hal_uart.o
                0x00000000080038b8                HAL_UART_IRQHandler
 .text.HAL_UART_TxCpltCallback
                0x0000000008003e5c       0x14 ./Drivers/STM32F7xx_HAL_Driver/Src/stm32f7xx_hal_uart.o
                0x0000000008003e5c                HAL_UART_TxCpltCallback
 .text.HAL_UART_ErrorCallback
                0x0000000008003e70       0x14 ./Drivers/STM32F7xx_HAL_Driver/Src/stm32f7xx_hal_uart.o
                0x0000000008003e70                HAL_UART_ErrorCallback
 .text.HAL_UARTEx_RxEventCallback
                0x0000000008003e84       0x18 ./Drivers/STM32F7xx_HAL_Driver/Src/stm32f7xx_hal_uart.o
                0x0000000008003e84                HAL_UARTEx_RxEventCallback
 .text.UART_SetConfig
                0x0000000008003e9c      0x4c8 ./Drivers/STM32F7xx_HAL_Driver/Src/stm32f7xx_hal_uart.o
                0x0000000008003e9c                UART_SetConfig
 .text.UART_AdvFeatureConfig
                0x0000000008004364      0x144 ./Drivers/STM32F7xx_HAL_Driver/Src/stm32f7xx_hal_uart.o
                0x0000000008004364                UART_AdvFeatureConfig
 .text.UART_CheckIdleState
                0x00000000080044a8       0x6e ./Drivers/STM32F7xx_HAL_Driver/Src/stm32f7xx_hal_uart.o
                0x00000000080044a8                UART_CheckIdleState
 .text.UART_WaitOnFlagUntilTimeout
                0x0000000008004516      0x18c ./Drivers/STM32F7xx_HAL_Driver/Src/stm32f7xx_hal_uart.o
                0x0000000008004516                UART_WaitOnFlagUntilTimeout
 .text.UART_EndRxTransfer
                0x00000000080046a2       0xc8 ./Drivers/STM32F7xx_HAL_Driver/Src/stm32f7xx_hal_uart.o
 .text.UART_DMAAbortOnError
                0x000000000800476a       0x2c ./Drivers/STM32F7xx_HAL_Driver/Src/stm32f7xx_hal_uart.o
 .text.UART_EndTransmit_IT
                0x0000000008004796       0x54 ./Drivers/STM32F7xx_HAL_Driver/Src/stm32f7xx_hal_uart.o
 .text.memset   0x00000000080047ea       0x10 C:/ST/STM32CubeIDE_1.8.0/STM32CubeIDE/plugins/com.st.stm32cube.ide.mcu.externaltools.gnu-tools-for-stm32.11.3.rel1.win32_1.1.1.202309131626/tools/bin/../lib/gcc/arm-none-eabi/11.3.1/../../../../arm-none-eabi/lib/thumb/v7e-m+fp/hard\libc_nano.a(libc_a-memset.o)
                0x00000000080047ea                memset
 *fill*         0x00000000080047fa        0x2 
 .text.__libc_init_array
                0x00000000080047fc       0x48 C:/ST/STM32CubeIDE_1.8.0/STM32CubeIDE/plugins/com.st.stm32cube.ide.mcu.externaltools.gnu-tools-for-stm32.11.3.rel1.win32_1.1.1.202309131626/tools/bin/../lib/gcc/arm-none-eabi/11.3.1/../../../../arm-none-eabi/lib/thumb/v7e-m+fp/hard\libc_nano.a(libc_a-init.o)
                0x00000000080047fc                __libc_init_array
 *(.glue_7)
 .glue_7        0x0000000008004844        0x0 linker stubs
 *(.glue_7t)
 .glue_7t       0x0000000008004844        0x0 linker stubs
 *(.eh_frame)
 .eh_frame      0x0000000008004844        0x0 C:/ST/STM32CubeIDE_1.8.0/STM32CubeIDE/plugins/com.st.stm32cube.ide.mcu.externaltools.gnu-tools-for-stm32.11.3.rel1.win32_1.1.1.202309131626/tools/bin/../lib/gcc/arm-none-eabi/11.3.1/thumb/v7e-m+fp/hard/crtbegin.o
 *(.init)
 .init          0x0000000008004844        0x4 C:/ST/STM32CubeIDE_1.8.0/STM32CubeIDE/plugins/com.st.stm32cube.ide.mcu.externaltools.gnu-tools-for-stm32.11.3.rel1.win32_1.1.1.202309131626/tools/bin/../lib/gcc/arm-none-eabi/11.3.1/thumb/v7e-m+fp/hard/crti.o
                0x0000000008004844                _init
 .init          0x0000000008004848        0x8 C:/ST/STM32CubeIDE_1.8.0/STM32CubeIDE/plugins/com.st.stm32cube.ide.mcu.externaltools.gnu-tools-for-stm32.11.3.rel1.win32_1.1.1.202309131626/tools/bin/../lib/gcc/arm-none-eabi/11.3.1/thumb/v7e-m+fp/hard/crtn.o
 *(.fini)
 .fini          0x0000000008004850        0x4 C:/ST/STM32CubeIDE_1.8.0/STM32CubeIDE/plugins/com.st.stm32cube.ide.mcu.externaltools.gnu-tools-for-stm32.11.3.rel1.win32_1.1.1.202309131626/tools/bin/../lib/gcc/arm-none-eabi/11.3.1/thumb/v7e-m+fp/hard/crti.o
                0x0000000008004850                _fini
 .fini          0x0000000008004854        0x8 C:/ST/STM32CubeIDE_1.8.0/STM32CubeIDE/plugins/com.st.stm32cube.ide.mcu.externaltools.gnu-tools-for-stm32.11.3.rel1.win32_1.1.1.202309131626/tools/bin/../lib/gcc/arm-none-eabi/11.3.1/thumb/v7e-m+fp/hard/crtn.o
                0x000000000800485c                . = ALIGN (0x4)
                0x000000000800485c                _etext = .

.vfp11_veneer   0x000000000800485c        0x0
 .vfp11_veneer  0x000000000800485c        0x0 linker stubs

.v4_bx          0x000000000800485c        0x0
 .v4_bx         0x000000000800485c        0x0 linker stubs

.iplt           0x000000000800485c        0x0
 .iplt          0x000000000800485c        0x0 C:/ST/STM32CubeIDE_1.8.0/STM32CubeIDE/plugins/com.st.stm32cube.ide.mcu.externaltools.gnu-tools-for-stm32.11.3.rel1.win32_1.1.1.202309131626/tools/bin/../lib/gcc/arm-none-eabi/11.3.1/thumb/v7e-m+fp/hard/crtbegin.o

.rodata         0x000000000800485c       0x18
                0x000000000800485c                . = ALIGN (0x4)
 *(.rodata)
 *(.rodata*)
 .rodata.AHBPrescTable
                0x000000000800485c       0x10 ./Core/Src/system_stm32f7xx.o
                0x000000000800485c                AHBPrescTable
 .rodata.APBPrescTable
                0x000000000800486c        0x8 ./Core/Src/system_stm32f7xx.o
                0x000000000800486c                APBPrescTable
                0x0000000008004874                . = ALIGN (0x4)

.ARM.extab      0x0000000008004874        0x0
                0x0000000008004874                . = ALIGN (0x4)
 *(.ARM.extab* .gnu.linkonce.armextab.*)
                0x0000000008004874                . = ALIGN (0x4)

.ARM            0x0000000008004874        0x8
                0x0000000008004874                . = ALIGN (0x4)
                0x0000000008004874                __exidx_start = .
 *(.ARM.exidx*)
 .ARM.exidx     0x0000000008004874        0x8 C:/ST/STM32CubeIDE_1.8.0/STM32CubeIDE/plugins/com.st.stm32cube.ide.mcu.externaltools.gnu-tools-for-stm32.11.3.rel1.win32_1.1.1.202309131626/tools/bin/../lib/gcc/arm-none-eabi/11.3.1/thumb/v7e-m+fp/hard\libgcc.a(_udivmoddi4.o)
                0x000000000800487c                __exidx_end = .
                0x000000000800487c                . = ALIGN (0x4)

.rel.dyn        0x000000000800487c        0x0
 .rel.iplt      0x000000000800487c        0x0 C:/ST/STM32CubeIDE_1.8.0/STM32CubeIDE/plugins/com.st.stm32cube.ide.mcu.externaltools.gnu-tools-for-stm32.11.3.rel1.win32_1.1.1.202309131626/tools/bin/../lib/gcc/arm-none-eabi/11.3.1/thumb/v7e-m+fp/hard/crtbegin.o

.preinit_array  0x000000000800487c        0x0
                0x000000000800487c                . = ALIGN (0x4)
                0x000000000800487c                PROVIDE (__preinit_array_start = .)
 *(.preinit_array*)
                0x000000000800487c                PROVIDE (__preinit_array_end = .)
                0x000000000800487c                . = ALIGN (0x4)

.init_array     0x000000000800487c        0x4
                0x000000000800487c                . = ALIGN (0x4)
                0x000000000800487c                PROVIDE (__init_array_start = .)
 *(SORT_BY_NAME(.init_array.*))
 *(.init_array*)
 .init_array    0x000000000800487c        0x4 C:/ST/STM32CubeIDE_1.8.0/STM32CubeIDE/plugins/com.st.stm32cube.ide.mcu.externaltools.gnu-tools-for-stm32.11.3.rel1.win32_1.1.1.202309131626/tools/bin/../lib/gcc/arm-none-eabi/11.3.1/thumb/v7e-m+fp/hard/crtbegin.o
                0x0000000008004880                PROVIDE (__init_array_end = .)
                0x0000000008004880                . = ALIGN (0x4)

.fini_array     0x0000000008004880        0x4
                0x0000000008004880                . = ALIGN (0x4)
                [!provide]                        PROVIDE (__fini_array_start = .)
 *(SORT_BY_NAME(.fini_array.*))
 *(.fini_array*)
 .fini_array    0x0000000008004880        0x4 C:/ST/STM32CubeIDE_1.8.0/STM32CubeIDE/plugins/com.st.stm32cube.ide.mcu.externaltools.gnu-tools-for-stm32.11.3.rel1.win32_1.1.1.202309131626/tools/bin/../lib/gcc/arm-none-eabi/11.3.1/thumb/v7e-m+fp/hard/crtbegin.o
                [!provide]                        PROVIDE (__fini_array_end = .)
                0x0000000008004884                . = ALIGN (0x4)
                0x0000000008004884                _sidata = LOADADDR (.data)

.data           0x0000000020000000       0x3c load address 0x0000000008004884
                0x0000000020000000                . = ALIGN (0x4)
                0x0000000020000000                _sdata = .
 *(.data)
 *(.data*)
 .data.hldr     0x0000000020000000       0x10 ./Components/Src/led_config.o
                0x0000000020000000                hldr
 .data.hldg     0x0000000020000010       0x10 ./Components/Src/led_config.o
                0x0000000020000010                hldg
 .data.hldb     0x0000000020000020       0x10 ./Components/Src/led_config.o
                0x0000000020000020                hldb
 .data.SystemCoreClock
                0x0000000020000030        0x4 ./Core/Src/system_stm32f7xx.o
                0x0000000020000030                SystemCoreClock
 .data.uwTickPrio
                0x0000000020000034        0x4 ./Drivers/STM32F7xx_HAL_Driver/Src/stm32f7xx_hal.o
                0x0000000020000034                uwTickPrio
 .data.uwTickFreq
                0x0000000020000038        0x1 ./Drivers/STM32F7xx_HAL_Driver/Src/stm32f7xx_hal.o
                0x0000000020000038                uwTickFreq
 *(.RamFunc)
 *(.RamFunc*)
                0x000000002000003c                . = ALIGN (0x4)
 *fill*         0x0000000020000039        0x3 
                0x000000002000003c                _edata = .

.igot.plt       0x000000002000003c        0x0 load address 0x00000000080048c0
 .igot.plt      0x000000002000003c        0x0 C:/ST/STM32CubeIDE_1.8.0/STM32CubeIDE/plugins/com.st.stm32cube.ide.mcu.externaltools.gnu-tools-for-stm32.11.3.rel1.win32_1.1.1.202309131626/tools/bin/../lib/gcc/arm-none-eabi/11.3.1/thumb/v7e-m+fp/hard/crtbegin.o
                0x000000002000003c                . = ALIGN (0x4)

.bss            0x000000002000003c       0xf4 load address 0x00000000080048c0
                0x000000002000003c                _sbss = .
                0x000000002000003c                __bss_start__ = _sbss
 *(.bss)
 .bss           0x000000002000003c       0x1c C:/ST/STM32CubeIDE_1.8.0/STM32CubeIDE/plugins/com.st.stm32cube.ide.mcu.externaltools.gnu-tools-for-stm32.11.3.rel1.win32_1.1.1.202309131626/tools/bin/../lib/gcc/arm-none-eabi/11.3.1/thumb/v7e-m+fp/hard/crtbegin.o
 *(.bss*)
 .bss.htim3     0x0000000020000058       0x4c ./Core/Src/tim.o
                0x0000000020000058                htim3
 .bss.huart3    0x00000000200000a4       0x88 ./Core/Src/usart.o
                0x00000000200000a4                huart3
 .bss.uwTick    0x000000002000012c        0x4 ./Drivers/STM32F7xx_HAL_Driver/Src/stm32f7xx_hal.o
                0x000000002000012c                uwTick
 *(COMMON)
                0x0000000020000130                . = ALIGN (0x4)
                0x0000000020000130                _ebss = .
                0x0000000020000130                __bss_end__ = _ebss

._user_heap_stack
                0x0000000020000130      0x600 load address 0x00000000080048c0
                0x0000000020000130                . = ALIGN (0x8)
                [!provide]                        PROVIDE (end = .)
                0x0000000020000130                PROVIDE (_end = .)
                0x0000000020000330                . = (. + _Min_Heap_Size)
 *fill*         0x0000000020000130      0x200 
                0x0000000020000730                . = (. + _Min_Stack_Size)
 *fill*         0x0000000020000330      0x400 
                0x0000000020000730                . = ALIGN (0x8)

/DISCARD/
 libc.a(*)
 libm.a(*)
 libgcc.a(*)

.ARM.attributes
                0x0000000000000000       0x30
 *(.ARM.attributes)
 .ARM.attributes
                0x0000000000000000       0x1e C:/ST/STM32CubeIDE_1.8.0/STM32CubeIDE/plugins/com.st.stm32cube.ide.mcu.externaltools.gnu-tools-for-stm32.11.3.rel1.win32_1.1.1.202309131626/tools/bin/../lib/gcc/arm-none-eabi/11.3.1/thumb/v7e-m+fp/hard/crti.o
 .ARM.attributes
                0x000000000000001e       0x34 C:/ST/STM32CubeIDE_1.8.0/STM32CubeIDE/plugins/com.st.stm32cube.ide.mcu.externaltools.gnu-tools-for-stm32.11.3.rel1.win32_1.1.1.202309131626/tools/bin/../lib/gcc/arm-none-eabi/11.3.1/thumb/v7e-m+fp/hard/crtbegin.o
 .ARM.attributes
                0x0000000000000052       0x34 ./Components/Src/led.o
 .ARM.attributes
                0x0000000000000086       0x34 ./Components/Src/led_config.o
 .ARM.attributes
                0x00000000000000ba       0x34 ./Components/Src/pwm.o
 .ARM.attributes
                0x00000000000000ee       0x34 ./Core/Src/gpio.o
 .ARM.attributes
                0x0000000000000122       0x34 ./Core/Src/main.o
 .ARM.attributes
                0x0000000000000156       0x34 ./Core/Src/stm32f7xx_hal_msp.o
 .ARM.attributes
                0x000000000000018a       0x34 ./Core/Src/stm32f7xx_it.o
 .ARM.attributes
                0x00000000000001be       0x34 ./Core/Src/system_stm32f7xx.o
 .ARM.attributes
                0x00000000000001f2       0x34 ./Core/Src/tim.o
 .ARM.attributes
                0x0000000000000226       0x34 ./Core/Src/usart.o
 .ARM.attributes
                0x000000000000025a       0x21 ./Core/Startup/startup_stm32f746zgtx.o
 .ARM.attributes
                0x000000000000027b       0x34 ./Drivers/STM32F7xx_HAL_Driver/Src/stm32f7xx_hal.o
 .ARM.attributes
                0x00000000000002af       0x34 ./Drivers/STM32F7xx_HAL_Driver/Src/stm32f7xx_hal_cortex.o
 .ARM.attributes
                0x00000000000002e3       0x34 ./Drivers/STM32F7xx_HAL_Driver/Src/stm32f7xx_hal_dma.o
 .ARM.attributes
                0x0000000000000317       0x34 ./Drivers/STM32F7xx_HAL_Driver/Src/stm32f7xx_hal_gpio.o
 .ARM.attributes
                0x000000000000034b       0x34 ./Drivers/STM32F7xx_HAL_Driver/Src/stm32f7xx_hal_pwr.o
 .ARM.attributes
                0x000000000000037f       0x34 ./Drivers/STM32F7xx_HAL_Driver/Src/stm32f7xx_hal_pwr_ex.o
 .ARM.attributes
                0x00000000000003b3       0x34 ./Drivers/STM32F7xx_HAL_Driver/Src/stm32f7xx_hal_rcc.o
 .ARM.attributes
                0x00000000000003e7       0x34 ./Drivers/STM32F7xx_HAL_Driver/Src/stm32f7xx_hal_rcc_ex.o
 .ARM.attributes
                0x000000000000041b       0x34 ./Drivers/STM32F7xx_HAL_Driver/Src/stm32f7xx_hal_tim.o
 .ARM.attributes
                0x000000000000044f       0x34 ./Drivers/STM32F7xx_HAL_Driver/Src/stm32f7xx_hal_tim_ex.o
 .ARM.attributes
                0x0000000000000483       0x34 ./Drivers/STM32F7xx_HAL_Driver/Src/stm32f7xx_hal_uart.o
 .ARM.attributes
                0x00000000000004b7       0x34 C:/ST/STM32CubeIDE_1.8.0/STM32CubeIDE/plugins/com.st.stm32cube.ide.mcu.externaltools.gnu-tools-for-stm32.11.3.rel1.win32_1.1.1.202309131626/tools/bin/../lib/gcc/arm-none-eabi/11.3.1/../../../../arm-none-eabi/lib/thumb/v7e-m+fp/hard\libc_nano.a(libc_a-memset.o)
 .ARM.attributes
                0x00000000000004eb       0x34 C:/ST/STM32CubeIDE_1.8.0/STM32CubeIDE/plugins/com.st.stm32cube.ide.mcu.externaltools.gnu-tools-for-stm32.11.3.rel1.win32_1.1.1.202309131626/tools/bin/../lib/gcc/arm-none-eabi/11.3.1/../../../../arm-none-eabi/lib/thumb/v7e-m+fp/hard\libc_nano.a(libc_a-init.o)
 .ARM.attributes
                0x000000000000051f       0x1e C:/ST/STM32CubeIDE_1.8.0/STM32CubeIDE/plugins/com.st.stm32cube.ide.mcu.externaltools.gnu-tools-for-stm32.11.3.rel1.win32_1.1.1.202309131626/tools/bin/../lib/gcc/arm-none-eabi/11.3.1/thumb/v7e-m+fp/hard\libgcc.a(_aeabi_uldivmod.o)
 .ARM.attributes
                0x000000000000053d       0x34 C:/ST/STM32CubeIDE_1.8.0/STM32CubeIDE/plugins/com.st.stm32cube.ide.mcu.externaltools.gnu-tools-for-stm32.11.3.rel1.win32_1.1.1.202309131626/tools/bin/../lib/gcc/arm-none-eabi/11.3.1/thumb/v7e-m+fp/hard\libgcc.a(_udivmoddi4.o)
 .ARM.attributes
                0x0000000000000571       0x1e C:/ST/STM32CubeIDE_1.8.0/STM32CubeIDE/plugins/com.st.stm32cube.ide.mcu.externaltools.gnu-tools-for-stm32.11.3.rel1.win32_1.1.1.202309131626/tools/bin/../lib/gcc/arm-none-eabi/11.3.1/thumb/v7e-m+fp/hard\libgcc.a(_dvmd_tls.o)
 .ARM.attributes
                0x000000000000058f       0x1e C:/ST/STM32CubeIDE_1.8.0/STM32CubeIDE/plugins/com.st.stm32cube.ide.mcu.externaltools.gnu-tools-for-stm32.11.3.rel1.win32_1.1.1.202309131626/tools/bin/../lib/gcc/arm-none-eabi/11.3.1/thumb/v7e-m+fp/hard/crtn.o
OUTPUT(L04_Example.elf elf32-littlearm)
LOAD linker stubs
LOAD C:/ST/STM32CubeIDE_1.8.0/STM32CubeIDE/plugins/com.st.stm32cube.ide.mcu.externaltools.gnu-tools-for-stm32.11.3.rel1.win32_1.1.1.202309131626/tools/bin/../lib/gcc/arm-none-eabi/11.3.1/../../../../arm-none-eabi/lib/thumb/v7e-m+fp/hard\libc.a
LOAD C:/ST/STM32CubeIDE_1.8.0/STM32CubeIDE/plugins/com.st.stm32cube.ide.mcu.externaltools.gnu-tools-for-stm32.11.3.rel1.win32_1.1.1.202309131626/tools/bin/../lib/gcc/arm-none-eabi/11.3.1/../../../../arm-none-eabi/lib/thumb/v7e-m+fp/hard\libm.a
LOAD C:/ST/STM32CubeIDE_1.8.0/STM32CubeIDE/plugins/com.st.stm32cube.ide.mcu.externaltools.gnu-tools-for-stm32.11.3.rel1.win32_1.1.1.202309131626/tools/bin/../lib/gcc/arm-none-eabi/11.3.1/thumb/v7e-m+fp/hard\libgcc.a

.comment        0x0000000000000000       0x43
 .comment       0x0000000000000000       0x43 C:/ST/STM32CubeIDE_1.8.0/STM32CubeIDE/plugins/com.st.stm32cube.ide.mcu.externaltools.gnu-tools-for-stm32.11.3.rel1.win32_1.1.1.202309131626/tools/bin/../lib/gcc/arm-none-eabi/11.3.1/thumb/v7e-m+fp/hard/crtbegin.o
                                         0x44 (size before relaxing)
 .comment       0x0000000000000043       0x44 ./Components/Src/led.o
 .comment       0x0000000000000043       0x44 ./Components/Src/led_config.o
 .comment       0x0000000000000043       0x44 ./Components/Src/pwm.o
 .comment       0x0000000000000043       0x44 ./Core/Src/gpio.o
 .comment       0x0000000000000043       0x44 ./Core/Src/main.o
 .comment       0x0000000000000043       0x44 ./Core/Src/stm32f7xx_hal_msp.o
 .comment       0x0000000000000043       0x44 ./Core/Src/stm32f7xx_it.o
 .comment       0x0000000000000043       0x44 ./Core/Src/system_stm32f7xx.o
 .comment       0x0000000000000043       0x44 ./Core/Src/tim.o
 .comment       0x0000000000000043       0x44 ./Core/Src/usart.o
 .comment       0x0000000000000043       0x44 ./Drivers/STM32F7xx_HAL_Driver/Src/stm32f7xx_hal.o
 .comment       0x0000000000000043       0x44 ./Drivers/STM32F7xx_HAL_Driver/Src/stm32f7xx_hal_cortex.o
 .comment       0x0000000000000043       0x44 ./Drivers/STM32F7xx_HAL_Driver/Src/stm32f7xx_hal_dma.o
 .comment       0x0000000000000043       0x44 ./Drivers/STM32F7xx_HAL_Driver/Src/stm32f7xx_hal_gpio.o
 .comment       0x0000000000000043       0x44 ./Drivers/STM32F7xx_HAL_Driver/Src/stm32f7xx_hal_pwr.o
 .comment       0x0000000000000043       0x44 ./Drivers/STM32F7xx_HAL_Driver/Src/stm32f7xx_hal_pwr_ex.o
 .comment       0x0000000000000043       0x44 ./Drivers/STM32F7xx_HAL_Driver/Src/stm32f7xx_hal_rcc.o
 .comment       0x0000000000000043       0x44 ./Drivers/STM32F7xx_HAL_Driver/Src/stm32f7xx_hal_rcc_ex.o
 .comment       0x0000000000000043       0x44 ./Drivers/STM32F7xx_HAL_Driver/Src/stm32f7xx_hal_tim.o
 .comment       0x0000000000000043       0x44 ./Drivers/STM32F7xx_HAL_Driver/Src/stm32f7xx_hal_tim_ex.o
 .comment       0x0000000000000043       0x44 ./Drivers/STM32F7xx_HAL_Driver/Src/stm32f7xx_hal_uart.o

.debug_info     0x0000000000000000    0x11cb5
 .debug_info    0x0000000000000000      0xa51 ./Components/Src/led.o
 .debug_info    0x0000000000000a51      0x8b0 ./Components/Src/led_config.o
 .debug_info    0x0000000000001301      0x7a7 ./Components/Src/pwm.o
 .debug_info    0x0000000000001aa8      0x4b5 ./Core/Src/gpio.o
 .debug_info    0x0000000000001f5d      0xc0c ./Core/Src/main.o
 .debug_info    0x0000000000002b69      0x28d ./Core/Src/stm32f7xx_hal_msp.o
 .debug_info    0x0000000000002df6      0x71e ./Core/Src/stm32f7xx_it.o
 .debug_info    0x0000000000003514      0x6ed ./Core/Src/system_stm32f7xx.o
 .debug_info    0x0000000000003c01      0xc69 ./Core/Src/tim.o
 .debug_info    0x000000000000486a      0xf29 ./Core/Src/usart.o
 .debug_info    0x0000000000005793       0x23 ./Core/Startup/startup_stm32f746zgtx.o
 .debug_info    0x00000000000057b6      0x9d8 ./Drivers/STM32F7xx_HAL_Driver/Src/stm32f7xx_hal.o
 .debug_info    0x000000000000618e      0xf49 ./Drivers/STM32F7xx_HAL_Driver/Src/stm32f7xx_hal_cortex.o
 .debug_info    0x00000000000070d7      0x8e7 ./Drivers/STM32F7xx_HAL_Driver/Src/stm32f7xx_hal_dma.o
 .debug_info    0x00000000000079be      0x6e7 ./Drivers/STM32F7xx_HAL_Driver/Src/stm32f7xx_hal_gpio.o
 .debug_info    0x00000000000080a5      0x90e ./Drivers/STM32F7xx_HAL_Driver/Src/stm32f7xx_hal_pwr.o
 .debug_info    0x00000000000089b3      0x8cd ./Drivers/STM32F7xx_HAL_Driver/Src/stm32f7xx_hal_pwr_ex.o
 .debug_info    0x0000000000009280      0x8dc ./Drivers/STM32F7xx_HAL_Driver/Src/stm32f7xx_hal_rcc.o
 .debug_info    0x0000000000009b5c      0x6bd ./Drivers/STM32F7xx_HAL_Driver/Src/stm32f7xx_hal_rcc_ex.o
 .debug_info    0x000000000000a219     0x2a9a ./Drivers/STM32F7xx_HAL_Driver/Src/stm32f7xx_hal_tim.o
 .debug_info    0x000000000000ccb3     0x15bb ./Drivers/STM32F7xx_HAL_Driver/Src/stm32f7xx_hal_tim_ex.o
 .debug_info    0x000000000000e26e     0x3a47 ./Drivers/STM32F7xx_HAL_Driver/Src/stm32f7xx_hal_uart.o

.debug_abbrev   0x0000000000000000     0x29a8
 .debug_abbrev  0x0000000000000000      0x1f8 ./Components/Src/led.o
 .debug_abbrev  0x00000000000001f8      0x155 ./Components/Src/led_config.o
 .debug_abbrev  0x000000000000034d      0x1b3 ./Components/Src/pwm.o
 .debug_abbrev  0x0000000000000500      0x152 ./Core/Src/gpio.o
 .debug_abbrev  0x0000000000000652      0x24c ./Core/Src/main.o
 .debug_abbrev  0x000000000000089e       0xd8 ./Core/Src/stm32f7xx_hal_msp.o
 .debug_abbrev  0x0000000000000976      0x174 ./Core/Src/stm32f7xx_it.o
 .debug_abbrev  0x0000000000000aea      0x13b ./Core/Src/system_stm32f7xx.o
 .debug_abbrev  0x0000000000000c25      0x219 ./Core/Src/tim.o
 .debug_abbrev  0x0000000000000e3e      0x218 ./Core/Src/usart.o
 .debug_abbrev  0x0000000000001056       0x12 ./Core/Startup/startup_stm32f746zgtx.o
 .debug_abbrev  0x0000000000001068      0x213 ./Drivers/STM32F7xx_HAL_Driver/Src/stm32f7xx_hal.o
 .debug_abbrev  0x000000000000127b      0x329 ./Drivers/STM32F7xx_HAL_Driver/Src/stm32f7xx_hal_cortex.o
 .debug_abbrev  0x00000000000015a4      0x264 ./Drivers/STM32F7xx_HAL_Driver/Src/stm32f7xx_hal_dma.o
 .debug_abbrev  0x0000000000001808      0x1d4 ./Drivers/STM32F7xx_HAL_Driver/Src/stm32f7xx_hal_gpio.o
 .debug_abbrev  0x00000000000019dc      0x1c5 ./Drivers/STM32F7xx_HAL_Driver/Src/stm32f7xx_hal_pwr.o
 .debug_abbrev  0x0000000000001ba1      0x1d5 ./Drivers/STM32F7xx_HAL_Driver/Src/stm32f7xx_hal_pwr_ex.o
 .debug_abbrev  0x0000000000001d76      0x288 ./Drivers/STM32F7xx_HAL_Driver/Src/stm32f7xx_hal_rcc.o
 .debug_abbrev  0x0000000000001ffe      0x1c9 ./Drivers/STM32F7xx_HAL_Driver/Src/stm32f7xx_hal_rcc_ex.o
 .debug_abbrev  0x00000000000021c7      0x278 ./Drivers/STM32F7xx_HAL_Driver/Src/stm32f7xx_hal_tim.o
 .debug_abbrev  0x000000000000243f      0x283 ./Drivers/STM32F7xx_HAL_Driver/Src/stm32f7xx_hal_tim_ex.o
 .debug_abbrev  0x00000000000026c2      0x2e6 ./Drivers/STM32F7xx_HAL_Driver/Src/stm32f7xx_hal_uart.o

.debug_aranges  0x0000000000000000      0xea8
 .debug_aranges
                0x0000000000000000       0x58 ./Components/Src/led.o
 .debug_aranges
                0x0000000000000058       0x18 ./Components/Src/led_config.o
 .debug_aranges
                0x0000000000000070       0x30 ./Components/Src/pwm.o
 .debug_aranges
                0x00000000000000a0       0x20 ./Core/Src/gpio.o
 .debug_aranges
                0x00000000000000c0       0x30 ./Core/Src/main.o
 .debug_aranges
                0x00000000000000f0       0x20 ./Core/Src/stm32f7xx_hal_msp.o
 .debug_aranges
                0x0000000000000110       0x68 ./Core/Src/stm32f7xx_it.o
 .debug_aranges
                0x0000000000000178       0x28 ./Core/Src/system_stm32f7xx.o
 .debug_aranges
                0x00000000000001a0       0x38 ./Core/Src/tim.o
 .debug_aranges
                0x00000000000001d8       0x30 ./Core/Src/usart.o
 .debug_aranges
                0x0000000000000208       0x28 ./Core/Startup/startup_stm32f746zgtx.o
 .debug_aranges
                0x0000000000000230      0x100 ./Drivers/STM32F7xx_HAL_Driver/Src/stm32f7xx_hal.o
 .debug_aranges
                0x0000000000000330      0x118 ./Drivers/STM32F7xx_HAL_Driver/Src/stm32f7xx_hal_cortex.o
 .debug_aranges
                0x0000000000000448       0x90 ./Drivers/STM32F7xx_HAL_Driver/Src/stm32f7xx_hal_dma.o
 .debug_aranges
                0x00000000000004d8       0x58 ./Drivers/STM32F7xx_HAL_Driver/Src/stm32f7xx_hal_gpio.o
 .debug_aranges
                0x0000000000000530       0xa0 ./Drivers/STM32F7xx_HAL_Driver/Src/stm32f7xx_hal_pwr.o
 .debug_aranges
                0x00000000000005d0       0x80 ./Drivers/STM32F7xx_HAL_Driver/Src/stm32f7xx_hal_pwr_ex.o
 .debug_aranges
                0x0000000000000650       0x88 ./Drivers/STM32F7xx_HAL_Driver/Src/stm32f7xx_hal_rcc.o
 .debug_aranges
                0x00000000000006d8       0x50 ./Drivers/STM32F7xx_HAL_Driver/Src/stm32f7xx_hal_rcc_ex.o
 .debug_aranges
                0x0000000000000728      0x3e0 ./Drivers/STM32F7xx_HAL_Driver/Src/stm32f7xx_hal_tim.o
 .debug_aranges
                0x0000000000000b08      0x178 ./Drivers/STM32F7xx_HAL_Driver/Src/stm32f7xx_hal_tim_ex.o
 .debug_aranges
                0x0000000000000c80      0x228 ./Drivers/STM32F7xx_HAL_Driver/Src/stm32f7xx_hal_uart.o

.debug_rnglists
                0x0000000000000000      0xb46
 .debug_rnglists
                0x0000000000000000       0x3d ./Components/Src/led.o
 .debug_rnglists
                0x000000000000003d       0x20 ./Components/Src/pwm.o
 .debug_rnglists
                0x000000000000005d       0x14 ./Core/Src/gpio.o
 .debug_rnglists
                0x0000000000000071       0x20 ./Core/Src/main.o
 .debug_rnglists
                0x0000000000000091       0x13 ./Core/Src/stm32f7xx_hal_msp.o
 .debug_rnglists
                0x00000000000000a4       0x49 ./Core/Src/stm32f7xx_it.o
 .debug_rnglists
                0x00000000000000ed       0x1a ./Core/Src/system_stm32f7xx.o
 .debug_rnglists
                0x0000000000000107       0x26 ./Core/Src/tim.o
 .debug_rnglists
                0x000000000000012d       0x20 ./Core/Src/usart.o
 .debug_rnglists
                0x000000000000014d       0x19 ./Core/Startup/startup_stm32f746zgtx.o
 .debug_rnglists
                0x0000000000000166       0xbb ./Drivers/STM32F7xx_HAL_Driver/Src/stm32f7xx_hal.o
 .debug_rnglists
                0x0000000000000221       0xce ./Drivers/STM32F7xx_HAL_Driver/Src/stm32f7xx_hal_cortex.o
 .debug_rnglists
                0x00000000000002ef       0x70 ./Drivers/STM32F7xx_HAL_Driver/Src/stm32f7xx_hal_dma.o
 .debug_rnglists
                0x000000000000035f       0x3f ./Drivers/STM32F7xx_HAL_Driver/Src/stm32f7xx_hal_gpio.o
 .debug_rnglists
                0x000000000000039e       0x74 ./Drivers/STM32F7xx_HAL_Driver/Src/stm32f7xx_hal_pwr.o
 .debug_rnglists
                0x0000000000000412       0x5f ./Drivers/STM32F7xx_HAL_Driver/Src/stm32f7xx_hal_pwr_ex.o
 .debug_rnglists
                0x0000000000000471       0x67 ./Drivers/STM32F7xx_HAL_Driver/Src/stm32f7xx_hal_rcc.o
 .debug_rnglists
                0x00000000000004d8       0x3c ./Drivers/STM32F7xx_HAL_Driver/Src/stm32f7xx_hal_rcc_ex.o
 .debug_rnglists
                0x0000000000000514      0x328 ./Drivers/STM32F7xx_HAL_Driver/Src/stm32f7xx_hal_tim.o
 .debug_rnglists
                0x000000000000083c      0x131 ./Drivers/STM32F7xx_HAL_Driver/Src/stm32f7xx_hal_tim_ex.o
 .debug_rnglists
                0x000000000000096d      0x1d9 ./Drivers/STM32F7xx_HAL_Driver/Src/stm32f7xx_hal_uart.o

.debug_macro    0x0000000000000000     0x2ce6
 .debug_macro   0x0000000000000000      0x20a ./Components/Src/led.o
 .debug_macro   0x000000000000020a       0x10 ./Components/Src/led.o
 .debug_macro   0x000000000000021a       0x10 ./Components/Src/led.o
 .debug_macro   0x000000000000022a      0x221 ./Components/Src/led_config.o
 .debug_macro   0x000000000000044b      0x1a2 ./Components/Src/led_config.o
 .debug_macro   0x00000000000005ed      0x1f2 ./Components/Src/pwm.o
 .debug_macro   0x00000000000007df      0x1fb ./Core/Src/gpio.o
 .debug_macro   0x00000000000009da      0x19c ./Core/Src/gpio.o
 .debug_macro   0x0000000000000b76      0x23e ./Core/Src/main.o
 .debug_macro   0x0000000000000db4       0x10 ./Core/Src/main.o
 .debug_macro   0x0000000000000dc4      0x1f1 ./Core/Src/stm32f7xx_hal_msp.o
 .debug_macro   0x0000000000000fb5      0x1fb ./Core/Src/stm32f7xx_it.o
 .debug_macro   0x00000000000011b0      0x1e2 ./Core/Src/system_stm32f7xx.o
 .debug_macro   0x0000000000001392      0x1fb ./Core/Src/tim.o
 .debug_macro   0x000000000000158d      0x1fb ./Core/Src/usart.o
 .debug_macro   0x0000000000001788      0x206 ./Drivers/STM32F7xx_HAL_Driver/Src/stm32f7xx_hal.o
 .debug_macro   0x000000000000198e      0x1e2 ./Drivers/STM32F7xx_HAL_Driver/Src/stm32f7xx_hal_cortex.o
 .debug_macro   0x0000000000001b70      0x1e8 ./Drivers/STM32F7xx_HAL_Driver/Src/stm32f7xx_hal_dma.o
 .debug_macro   0x0000000000001d58      0x1e8 ./Drivers/STM32F7xx_HAL_Driver/Src/stm32f7xx_hal_gpio.o
 .debug_macro   0x0000000000001f40      0x200 ./Drivers/STM32F7xx_HAL_Driver/Src/stm32f7xx_hal_pwr.o
 .debug_macro   0x0000000000002140      0x1fa ./Drivers/STM32F7xx_HAL_Driver/Src/stm32f7xx_hal_pwr_ex.o
 .debug_macro   0x000000000000233a      0x206 ./Drivers/STM32F7xx_HAL_Driver/Src/stm32f7xx_hal_rcc.o
 .debug_macro   0x0000000000002540      0x1e2 ./Drivers/STM32F7xx_HAL_Driver/Src/stm32f7xx_hal_rcc_ex.o
 .debug_macro   0x0000000000002722      0x1e3 ./Drivers/STM32F7xx_HAL_Driver/Src/stm32f7xx_hal_tim.o
 .debug_macro   0x0000000000002905      0x1e2 ./Drivers/STM32F7xx_HAL_Driver/Src/stm32f7xx_hal_tim_ex.o
 .debug_macro   0x0000000000002ae7      0x1ff ./Drivers/STM32F7xx_HAL_Driver/Src/stm32f7xx_hal_uart.o

.debug_line     0x0000000000000000    0x14012
 .debug_line    0x0000000000000000      0x91d ./Components/Src/led.o
 .debug_line    0x000000000000091d      0x7e0 ./Components/Src/led_config.o
 .debug_line    0x00000000000010fd      0x87e ./Components/Src/pwm.o
 .debug_line    0x000000000000197b      0x81f ./Core/Src/gpio.o
 .debug_line    0x000000000000219a      0x89c ./Core/Src/main.o
 .debug_line    0x0000000000002a36      0x76e ./Core/Src/stm32f7xx_hal_msp.o
 .debug_line    0x00000000000031a4      0x848 ./Core/Src/stm32f7xx_it.o
 .debug_line    0x00000000000039ec      0x7ed ./Core/Src/system_stm32f7xx.o
 .debug_line    0x00000000000041d9      0x83b ./Core/Src/tim.o
 .debug_line    0x0000000000004a14      0x7f2 ./Core/Src/usart.o
 .debug_line    0x0000000000005206       0x7a ./Core/Startup/startup_stm32f746zgtx.o
 .debug_line    0x0000000000005280      0xa7e ./Drivers/STM32F7xx_HAL_Driver/Src/stm32f7xx_hal.o
 .debug_line    0x0000000000005cfe      0xd04 ./Drivers/STM32F7xx_HAL_Driver/Src/stm32f7xx_hal_cortex.o
 .debug_line    0x0000000000006a02      0xfcd ./Drivers/STM32F7xx_HAL_Driver/Src/stm32f7xx_hal_dma.o
 .debug_line    0x00000000000079cf      0xbf2 ./Drivers/STM32F7xx_HAL_Driver/Src/stm32f7xx_hal_gpio.o
 .debug_line    0x00000000000085c1      0x982 ./Drivers/STM32F7xx_HAL_Driver/Src/stm32f7xx_hal_pwr.o
 .debug_line    0x0000000000008f43      0x9ea ./Drivers/STM32F7xx_HAL_Driver/Src/stm32f7xx_hal_pwr_ex.o
 .debug_line    0x000000000000992d      0xebe ./Drivers/STM32F7xx_HAL_Driver/Src/stm32f7xx_hal_rcc.o
 .debug_line    0x000000000000a7eb      0xe72 ./Drivers/STM32F7xx_HAL_Driver/Src/stm32f7xx_hal_rcc_ex.o
 .debug_line    0x000000000000b65d     0x3d03 ./Drivers/STM32F7xx_HAL_Driver/Src/stm32f7xx_hal_tim.o
 .debug_line    0x000000000000f360     0x1b83 ./Drivers/STM32F7xx_HAL_Driver/Src/stm32f7xx_hal_tim_ex.o
 .debug_line    0x0000000000010ee3     0x312f ./Drivers/STM32F7xx_HAL_Driver/Src/stm32f7xx_hal_uart.o

.debug_str      0x0000000000000000    0xecf0f
 .debug_str     0x0000000000000000    0xe8662 ./Components/Src/led.o
                                      0xe8e43 (size before relaxing)
 .debug_str     0x00000000000e8662      0x6ae ./Components/Src/led_config.o
                                      0xe93f8 (size before relaxing)
 .debug_str     0x00000000000e8d10       0x67 ./Components/Src/pwm.o
                                      0xe8b94 (size before relaxing)
 .debug_str     0x00000000000e8d77      0x1d1 ./Core/Src/gpio.o
                                      0xe8d6c (size before relaxing)
 .debug_str     0x00000000000e8f48      0x1ef ./Core/Src/main.o
                                      0xe96cc (size before relaxing)
 .debug_str     0x00000000000e9137       0x2c ./Core/Src/stm32f7xx_hal_msp.o
                                      0xe8c8f (size before relaxing)
 .debug_str     0x00000000000e9163      0x307 ./Core/Src/stm32f7xx_it.o
                                      0xe90d4 (size before relaxing)
 .debug_str     0x00000000000e946a      0x1a4 ./Core/Src/system_stm32f7xx.o
                                      0xe87b2 (size before relaxing)
 .debug_str     0x00000000000e960e      0x1ff ./Core/Src/tim.o
                                      0xe94d1 (size before relaxing)
 .debug_str     0x00000000000e980d      0x894 ./Core/Src/usart.o
                                      0xe9abe (size before relaxing)
 .debug_str     0x00000000000ea0a1       0x34 ./Core/Startup/startup_stm32f746zgtx.o
                                         0x93 (size before relaxing)
 .debug_str     0x00000000000ea0d5      0x416 ./Drivers/STM32F7xx_HAL_Driver/Src/stm32f7xx_hal.o
                                      0xe911b (size before relaxing)
 .debug_str     0x00000000000ea4eb      0x323 ./Drivers/STM32F7xx_HAL_Driver/Src/stm32f7xx_hal_cortex.o
                                      0xe9106 (size before relaxing)
 .debug_str     0x00000000000ea80e      0x32e ./Drivers/STM32F7xx_HAL_Driver/Src/stm32f7xx_hal_dma.o
                                      0xe8af1 (size before relaxing)
 .debug_str     0x00000000000eab3c      0x105 ./Drivers/STM32F7xx_HAL_Driver/Src/stm32f7xx_hal_gpio.o
                                      0xe8870 (size before relaxing)
 .debug_str     0x00000000000eac41      0x2ac ./Drivers/STM32F7xx_HAL_Driver/Src/stm32f7xx_hal_pwr.o
                                      0xe8a53 (size before relaxing)
 .debug_str     0x00000000000eaeed      0x1bd ./Drivers/STM32F7xx_HAL_Driver/Src/stm32f7xx_hal_pwr_ex.o
                                      0xe8a21 (size before relaxing)
 .debug_str     0x00000000000eb0aa      0x252 ./Drivers/STM32F7xx_HAL_Driver/Src/stm32f7xx_hal_rcc.o
                                      0xe8b14 (size before relaxing)
 .debug_str     0x00000000000eb2fc      0x147 ./Drivers/STM32F7xx_HAL_Driver/Src/stm32f7xx_hal_rcc_ex.o
                                      0xe8a4c (size before relaxing)
 .debug_str     0x00000000000eb443      0xd94 ./Drivers/STM32F7xx_HAL_Driver/Src/stm32f7xx_hal_tim.o
                                      0xe9ac5 (size before relaxing)
 .debug_str     0x00000000000ec1d7      0x4dc ./Drivers/STM32F7xx_HAL_Driver/Src/stm32f7xx_hal_tim_ex.o
                                      0xe931b (size before relaxing)
 .debug_str     0x00000000000ec6b3      0x85c ./Drivers/STM32F7xx_HAL_Driver/Src/stm32f7xx_hal_uart.o
                                      0xe9461 (size before relaxing)

.debug_frame    0x0000000000000000     0x3b70
 .debug_frame   0x0000000000000000      0x134 ./Components/Src/led.o
 .debug_frame   0x0000000000000134       0x84 ./Components/Src/pwm.o
 .debug_frame   0x00000000000001b8       0x38 ./Core/Src/gpio.o
 .debug_frame   0x00000000000001f0       0x68 ./Core/Src/main.o
 .debug_frame   0x0000000000000258       0x38 ./Core/Src/stm32f7xx_hal_msp.o
 .debug_frame   0x0000000000000290      0x120 ./Core/Src/stm32f7xx_it.o
 .debug_frame   0x00000000000003b0       0x58 ./Core/Src/system_stm32f7xx.o
 .debug_frame   0x0000000000000408       0xa8 ./Core/Src/tim.o
 .debug_frame   0x00000000000004b0       0x78 ./Core/Src/usart.o
 .debug_frame   0x0000000000000528      0x3b4 ./Drivers/STM32F7xx_HAL_Driver/Src/stm32f7xx_hal.o
 .debug_frame   0x00000000000008dc      0x498 ./Drivers/STM32F7xx_HAL_Driver/Src/stm32f7xx_hal_cortex.o
 .debug_frame   0x0000000000000d74      0x250 ./Drivers/STM32F7xx_HAL_Driver/Src/stm32f7xx_hal_dma.o
 .debug_frame   0x0000000000000fc4      0x14c ./Drivers/STM32F7xx_HAL_Driver/Src/stm32f7xx_hal_gpio.o
 .debug_frame   0x0000000000001110      0x254 ./Drivers/STM32F7xx_HAL_Driver/Src/stm32f7xx_hal_pwr.o
 .debug_frame   0x0000000000001364      0x1c8 ./Drivers/STM32F7xx_HAL_Driver/Src/stm32f7xx_hal_pwr_ex.o
 .debug_frame   0x000000000000152c      0x1f8 ./Drivers/STM32F7xx_HAL_Driver/Src/stm32f7xx_hal_rcc.o
 .debug_frame   0x0000000000001724      0x118 ./Drivers/STM32F7xx_HAL_Driver/Src/stm32f7xx_hal_rcc_ex.o
 .debug_frame   0x000000000000183c     0x121c ./Drivers/STM32F7xx_HAL_Driver/Src/stm32f7xx_hal_tim.o
 .debug_frame   0x0000000000002a58      0x688 ./Drivers/STM32F7xx_HAL_Driver/Src/stm32f7xx_hal_tim_ex.o
 .debug_frame   0x00000000000030e0      0x9e4 ./Drivers/STM32F7xx_HAL_Driver/Src/stm32f7xx_hal_uart.o
 .debug_frame   0x0000000000003ac4       0x20 C:/ST/STM32CubeIDE_1.8.0/STM32CubeIDE/plugins/com.st.stm32cube.ide.mcu.externaltools.gnu-tools-for-stm32.11.3.rel1.win32_1.1.1.202309131626/tools/bin/../lib/gcc/arm-none-eabi/11.3.1/../../../../arm-none-eabi/lib/thumb/v7e-m+fp/hard\libc_nano.a(libc_a-memset.o)
 .debug_frame   0x0000000000003ae4       0x2c C:/ST/STM32CubeIDE_1.8.0/STM32CubeIDE/plugins/com.st.stm32cube.ide.mcu.externaltools.gnu-tools-for-stm32.11.3.rel1.win32_1.1.1.202309131626/tools/bin/../lib/gcc/arm-none-eabi/11.3.1/../../../../arm-none-eabi/lib/thumb/v7e-m+fp/hard\libc_nano.a(libc_a-init.o)
 .debug_frame   0x0000000000003b10       0x2c C:/ST/STM32CubeIDE_1.8.0/STM32CubeIDE/plugins/com.st.stm32cube.ide.mcu.externaltools.gnu-tools-for-stm32.11.3.rel1.win32_1.1.1.202309131626/tools/bin/../lib/gcc/arm-none-eabi/11.3.1/thumb/v7e-m+fp/hard\libgcc.a(_aeabi_uldivmod.o)
 .debug_frame   0x0000000000003b3c       0x34 C:/ST/STM32CubeIDE_1.8.0/STM32CubeIDE/plugins/com.st.stm32cube.ide.mcu.externaltools.gnu-tools-for-stm32.11.3.rel1.win32_1.1.1.202309131626/tools/bin/../lib/gcc/arm-none-eabi/11.3.1/thumb/v7e-m+fp/hard\libgcc.a(_udivmoddi4.o)

.debug_line_str
                0x0000000000000000       0x87
 .debug_line_str
                0x0000000000000000       0x87 ./Core/Startup/startup_stm32f746zgtx.o
                                         0x9f (size before relaxing)
