14:58:04 **** Incremental Build of configuration Debug for project L04_Example ****
make -j12 all 
arm-none-eabi-gcc "../Core/Src/main.c" -mcpu=cortex-m7 -std=gnu11 -g3 -DDEBUG -DUSE_HAL_DRIVER -DSTM32F746xx -c -I../Core/Inc -I../Drivers/STM32F7xx_HAL_Driver/Inc -I../Drivers/STM32F7xx_HAL_Driver/Inc/Legacy -I../Drivers/CMSIS/Device/ST/STM32F7xx/Include -I../Drivers/CMSIS/Include -I"C:/Users/AW/STM32CubeIDE/workspace_1.13.0/NUCLEO-F746ZG-Examples-ver-2023-24/L04_Example/Components/Inc" -O0 -ffunction-sections -fdata-sections -Wall -fstack-usage -fcyclomatic-complexity -MMD -MP -MF"Core/Src/main.d" -MT"Core/Src/main.o" --specs=nano.specs -mfpu=fpv5-sp-d16 -mfloat-abi=hard -mthumb -o "Core/Src/main.o"
arm-none-eabi-gcc -o "L04_Example.elf" @"objects.list"   -mcpu=cortex-m7 -T"C:\Users\AW\STM32CubeIDE\workspace_1.13.0\NUCLEO-F746ZG-Examples-ver-2023-24\L04_Example\STM32F746ZGTX_FLASH.ld" --specs=nosys.specs -Wl,-Map="L04_Example.map" -Wl,--gc-sections -static --specs=nano.specs -mfpu=fpv5-sp-d16 -mfloat-abi=hard -mthumb -Wl,--start-group -lc -lm -Wl,--end-group
Finished building target: L04_Example.elf
 
arm-none-eabi-size   L04_Example.elf 
arm-none-eabi-objdump -h -S  L04_Example.elf  > "L04_Example.list"
   text	   data	    bss	    dec	    hex	filename
  22768	    124	   2268	  25160	   6248	L04_Example.elf
Finished building: default.size.stdout
 
Finished building: L04_Example.list
 
14:58:14 **** Incremental Build of configuration Debug for project L04_Example ****
make -j12 all 
arm-none-eabi-size   L04_Example.elf 
   text	   data	    bss	    dec	    hex	filename
  22768	    124	   2268	  25160	   6248	L04_Example.elf
Finished building: default.size.stdout
 
15:12:57 **** Incremental Build of configuration Debug for project L04_Example ****
make -j12 all 
arm-none-eabi-gcc "../Core/Src/tim.c" -mcpu=cortex-m7 -std=gnu11 -g3 -DDEBUG -DUSE_HAL_DRIVER -DSTM32F746xx -c -I../Core/Inc -I../Drivers/STM32F7xx_HAL_Driver/Inc -I../Drivers/STM32F7xx_HAL_Driver/Inc/Legacy -I../Drivers/CMSIS/Device/ST/STM32F7xx/Include -I../Drivers/CMSIS/Include -I"C:/Users/AW/STM32CubeIDE/workspace_1.13.0/NUCLEO-F746ZG-Examples-ver-2023-24/L04_Example/Components/Inc" -O0 -ffunction-sections -fdata-sections -Wall -fstack-usage -fcyclomatic-complexity -MMD -MP -MF"Core/Src/tim.d" -MT"Core/Src/tim.o" --specs=nano.specs -mfpu=fpv5-sp-d16 -mfloat-abi=hard -mthumb -o "Core/Src/tim.o"
arm-none-eabi-gcc -o "L04_Example.elf" @"objects.list"   -mcpu=cortex-m7 -T"C:\Users\AW\STM32CubeIDE\workspace_1.13.0\NUCLEO-F746ZG-Examples-ver-2023-24\L04_Example\STM32F746ZGTX_FLASH.ld" --specs=nosys.specs -Wl,-Map="L04_Example.map" -Wl,--gc-sections -static --specs=nano.specs -mfpu=fpv5-sp-d16 -mfloat-abi=hard -mthumb -Wl,--start-group -lc -lm -Wl,--end-group
Finished building target: L04_Example.elf
 
arm-none-eabi-size   L04_Example.elf 
arm-none-eabi-objdump -h -S  L04_Example.elf  > "L04_Example.list"
   text	   data	    bss	    dec	    hex	filename
  22768	    124	   2268	  25160	   6248	L04_Example.elf
Finished building: default.size.stdout
 
Finished building: L04_Example.list
 
