15:22:09 **** Incremental Build of configuration Debug for project L03_Example ****
make -j12 all 
arm-none-eabi-gcc "../Core/Src/main.c" -mcpu=cortex-m7 -std=gnu11 -g3 -DDEBUG -DUSE_HAL_DRIVER -DSTM32F746xx -c -I../Core/Inc -I../Drivers/STM32F7xx_HAL_Driver/Inc -I../Drivers/STM32F7xx_HAL_Driver/Inc/Legacy -I../Drivers/CMSIS/Device/ST/STM32F7xx/Include -I../Drivers/CMSIS/Include -O0 -ffunction-sections -fdata-sections -Wall -fstack-usage -fcyclomatic-complexity -MMD -MP -MF"Core/Src/main.d" -MT"Core/Src/main.o" --specs=nano.specs -mfpu=fpv5-sp-d16 -mfloat-abi=hard -mthumb -o "Core/Src/main.o"
arm-none-eabi-gcc -o "L03_Example.elf" @"objects.list"   -mcpu=cortex-m7 -T"C:\Users\AW\STM32CubeIDE\workspace_1.13.0\NUCLEO-F746ZG-Examples-ver-2023-24\L03_Example\STM32F746ZGTX_FLASH.ld" --specs=nosys.specs -Wl,-Map="L03_Example.map" -Wl,--gc-sections -static --specs=nano.specs -mfpu=fpv5-sp-d16 -mfloat-abi=hard -mthumb -Wl,--start-group -lc -lm -Wl,--end-group
Finished building target: L03_Example.elf
 
arm-none-eabi-size   L03_Example.elf 
arm-none-eabi-objdump -h -S  L03_Example.elf  > "L03_Example.list"
   text	   data	    bss	    dec	    hex	filename
  19048	    100	   2180	  21328	   5350	L03_Example.elf
Finished building: default.size.stdout
 
Finished building: L03_Example.list
 
15:22:32 **** Incremental Build of configuration Debug for project L03_Example ****
make -j12 all 
arm-none-eabi-size   L03_Example.elf 
   text	   data	    bss	    dec	    hex	filename
  19048	    100	   2180	  21328	   5350	L03_Example.elf
Finished building: default.size.stdout
 
15:24:43 **** Incremental Build of configuration Debug for project L03_Example ****
make -j12 all 
arm-none-eabi-gcc "../Core/Src/tim.c" -mcpu=cortex-m7 -std=gnu11 -g3 -DDEBUG -DUSE_HAL_DRIVER -DSTM32F746xx -c -I../Core/Inc -I../Drivers/STM32F7xx_HAL_Driver/Inc -I../Drivers/STM32F7xx_HAL_Driver/Inc/Legacy -I../Drivers/CMSIS/Device/ST/STM32F7xx/Include -I../Drivers/CMSIS/Include -O0 -ffunction-sections -fdata-sections -Wall -fstack-usage -fcyclomatic-complexity -MMD -MP -MF"Core/Src/tim.d" -MT"Core/Src/tim.o" --specs=nano.specs -mfpu=fpv5-sp-d16 -mfloat-abi=hard -mthumb -o "Core/Src/tim.o"
arm-none-eabi-gcc -o "L03_Example.elf" @"objects.list"   -mcpu=cortex-m7 -T"C:\Users\AW\STM32CubeIDE\workspace_1.13.0\NUCLEO-F746ZG-Examples-ver-2023-24\L03_Example\STM32F746ZGTX_FLASH.ld" --specs=nosys.specs -Wl,-Map="L03_Example.map" -Wl,--gc-sections -static --specs=nano.specs -mfpu=fpv5-sp-d16 -mfloat-abi=hard -mthumb -Wl,--start-group -lc -lm -Wl,--end-group
Finished building target: L03_Example.elf
 
arm-none-eabi-size   L03_Example.elf 
arm-none-eabi-objdump -h -S  L03_Example.elf  > "L03_Example.list"
   text	   data	    bss	    dec	    hex	filename
  19048	    100	   2180	  21328	   5350	L03_Example.elf
Finished building: default.size.stdout
 
Finished building: L03_Example.list
 
15:25:37 **** Incremental Build of configuration Debug for project L03_Example ****
make -j12 all 
arm-none-eabi-gcc "../Core/Src/main.c" -mcpu=cortex-m7 -std=gnu11 -g3 -DDEBUG -DUSE_HAL_DRIVER -DSTM32F746xx -c -I../Core/Inc -I../Drivers/STM32F7xx_HAL_Driver/Inc -I../Drivers/STM32F7xx_HAL_Driver/Inc/Legacy -I../Drivers/CMSIS/Device/ST/STM32F7xx/Include -I../Drivers/CMSIS/Include -O0 -ffunction-sections -fdata-sections -Wall -fstack-usage -fcyclomatic-complexity -MMD -MP -MF"Core/Src/main.d" -MT"Core/Src/main.o" --specs=nano.specs -mfpu=fpv5-sp-d16 -mfloat-abi=hard -mthumb -o "Core/Src/main.o"
arm-none-eabi-gcc -o "L03_Example.elf" @"objects.list"   -mcpu=cortex-m7 -T"C:\Users\AW\STM32CubeIDE\workspace_1.13.0\NUCLEO-F746ZG-Examples-ver-2023-24\L03_Example\STM32F746ZGTX_FLASH.ld" --specs=nosys.specs -Wl,-Map="L03_Example.map" -Wl,--gc-sections -static --specs=nano.specs -mfpu=fpv5-sp-d16 -mfloat-abi=hard -mthumb -Wl,--start-group -lc -lm -Wl,--end-group
Finished building target: L03_Example.elf
 
arm-none-eabi-size   L03_Example.elf 
arm-none-eabi-objdump -h -S  L03_Example.elf  > "L03_Example.list"
   text	   data	    bss	    dec	    hex	filename
  19048	    100	   2180	  21328	   5350	L03_Example.elf
Finished building: default.size.stdout
 
Finished building: L03_Example.list
 
15:37:13 **** Incremental Build of configuration Debug for project L03_Example ****
make -j12 all 
arm-none-eabi-gcc "../Core/Src/main.c" -mcpu=cortex-m7 -std=gnu11 -g3 -DDEBUG -DUSE_HAL_DRIVER -DSTM32F746xx -c -I../Core/Inc -I../Drivers/STM32F7xx_HAL_Driver/Inc -I../Drivers/STM32F7xx_HAL_Driver/Inc/Legacy -I../Drivers/CMSIS/Device/ST/STM32F7xx/Include -I../Drivers/CMSIS/Include -O0 -ffunction-sections -fdata-sections -Wall -fstack-usage -fcyclomatic-complexity -MMD -MP -MF"Core/Src/main.d" -MT"Core/Src/main.o" --specs=nano.specs -mfpu=fpv5-sp-d16 -mfloat-abi=hard -mthumb -o "Core/Src/main.o"
arm-none-eabi-gcc -o "L03_Example.elf" @"objects.list"   -mcpu=cortex-m7 -T"C:\Users\AW\STM32CubeIDE\workspace_1.13.0\NUCLEO-F746ZG-Examples-ver-2023-24\L03_Example\STM32F746ZGTX_FLASH.ld" --specs=nosys.specs -Wl,-Map="L03_Example.map" -Wl,--gc-sections -static --specs=nano.specs -mfpu=fpv5-sp-d16 -mfloat-abi=hard -mthumb -Wl,--start-group -lc -lm -Wl,--end-group
Finished building target: L03_Example.elf
 
arm-none-eabi-size   L03_Example.elf 
arm-none-eabi-objdump -h -S  L03_Example.elf  > "L03_Example.list"
   text	   data	    bss	    dec	    hex	filename
  16628	     20	   1788	  18436	   4804	L03_Example.elf
Finished building: default.size.stdout
 
Finished building: L03_Example.list
 
15:40:28 **** Incremental Build of configuration Debug for project L03_Example ****
make -j12 all 
arm-none-eabi-gcc "../Core/Src/main.c" -mcpu=cortex-m7 -std=gnu11 -g3 -DDEBUG -DUSE_HAL_DRIVER -DSTM32F746xx -c -I../Core/Inc -I../Drivers/STM32F7xx_HAL_Driver/Inc -I../Drivers/STM32F7xx_HAL_Driver/Inc/Legacy -I../Drivers/CMSIS/Device/ST/STM32F7xx/Include -I../Drivers/CMSIS/Include -O0 -ffunction-sections -fdata-sections -Wall -fstack-usage -fcyclomatic-complexity -MMD -MP -MF"Core/Src/main.d" -MT"Core/Src/main.o" --specs=nano.specs -mfpu=fpv5-sp-d16 -mfloat-abi=hard -mthumb -o "Core/Src/main.o"
arm-none-eabi-gcc -o "L03_Example.elf" @"objects.list"   -mcpu=cortex-m7 -T"C:\Users\AW\STM32CubeIDE\workspace_1.13.0\NUCLEO-F746ZG-Examples-ver-2023-24\L03_Example\STM32F746ZGTX_FLASH.ld" --specs=nosys.specs -Wl,-Map="L03_Example.map" -Wl,--gc-sections -static --specs=nano.specs -mfpu=fpv5-sp-d16 -mfloat-abi=hard -mthumb -Wl,--start-group -lc -lm -Wl,--end-group
Finished building target: L03_Example.elf
 
arm-none-eabi-size   L03_Example.elf 
arm-none-eabi-objdump -h -S  L03_Example.elf  > "L03_Example.list"
   text	   data	    bss	    dec	    hex	filename
  18656	    100	   2108	  20864	   5180	L03_Example.elf
Finished building: default.size.stdout
 
Finished building: L03_Example.list
 
15:43:21 **** Incremental Build of configuration Debug for project L03_Example ****
make -j12 all 
arm-none-eabi-gcc "../Core/Src/main.c" -mcpu=cortex-m7 -std=gnu11 -g3 -DDEBUG -DUSE_HAL_DRIVER -DSTM32F746xx -c -I../Core/Inc -I../Drivers/STM32F7xx_HAL_Driver/Inc -I../Drivers/STM32F7xx_HAL_Driver/Inc/Legacy -I../Drivers/CMSIS/Device/ST/STM32F7xx/Include -I../Drivers/CMSIS/Include -O0 -ffunction-sections -fdata-sections -Wall -fstack-usage -fcyclomatic-complexity -MMD -MP -MF"Core/Src/main.d" -MT"Core/Src/main.o" --specs=nano.specs -mfpu=fpv5-sp-d16 -mfloat-abi=hard -mthumb -o "Core/Src/main.o"
arm-none-eabi-gcc -o "L03_Example.elf" @"objects.list"   -mcpu=cortex-m7 -T"C:\Users\AW\STM32CubeIDE\workspace_1.13.0\NUCLEO-F746ZG-Examples-ver-2023-24\L03_Example\STM32F746ZGTX_FLASH.ld" --specs=nosys.specs -Wl,-Map="L03_Example.map" -Wl,--gc-sections -static --specs=nano.specs -mfpu=fpv5-sp-d16 -mfloat-abi=hard -mthumb -Wl,--start-group -lc -lm -Wl,--end-group
Finished building target: L03_Example.elf
 
arm-none-eabi-size   L03_Example.elf 
arm-none-eabi-objdump -h -S  L03_Example.elf  > "L03_Example.list"
   text	   data	    bss	    dec	    hex	filename
  19048	    100	   2180	  21328	   5350	L03_Example.elf
Finished building: default.size.stdout
 
Finished building: L03_Example.list
 
16:57:42 **** Incremental Build of configuration Debug for project L03_Example ****
make -j12 all 
arm-none-eabi-gcc "../Core/Src/gpio.c" -mcpu=cortex-m7 -std=gnu11 -g3 -DDEBUG -DUSE_HAL_DRIVER -DSTM32F746xx -c -I../Core/Inc -I../Drivers/STM32F7xx_HAL_Driver/Inc -I../Drivers/STM32F7xx_HAL_Driver/Inc/Legacy -I../Drivers/CMSIS/Device/ST/STM32F7xx/Include -I../Drivers/CMSIS/Include -O0 -ffunction-sections -fdata-sections -Wall -fstack-usage -fcyclomatic-complexity -MMD -MP -MF"Core/Src/gpio.d" -MT"Core/Src/gpio.o" --specs=nano.specs -mfpu=fpv5-sp-d16 -mfloat-abi=hard -mthumb -o "Core/Src/gpio.o"
arm-none-eabi-gcc "../Core/Src/main.c" -mcpu=cortex-m7 -std=gnu11 -g3 -DDEBUG -DUSE_HAL_DRIVER -DSTM32F746xx -c -I../Core/Inc -I../Drivers/STM32F7xx_HAL_Driver/Inc -I../Drivers/STM32F7xx_HAL_Driver/Inc/Legacy -I../Drivers/CMSIS/Device/ST/STM32F7xx/Include -I../Drivers/CMSIS/Include -O0 -ffunction-sections -fdata-sections -Wall -fstack-usage -fcyclomatic-complexity -MMD -MP -MF"Core/Src/main.d" -MT"Core/Src/main.o" --specs=nano.specs -mfpu=fpv5-sp-d16 -mfloat-abi=hard -mthumb -o "Core/Src/main.o"
arm-none-eabi-gcc "../Core/Src/stm32f7xx_hal_msp.c" -mcpu=cortex-m7 -std=gnu11 -g3 -DDEBUG -DUSE_HAL_DRIVER -DSTM32F746xx -c -I../Core/Inc -I../Drivers/STM32F7xx_HAL_Driver/Inc -I../Drivers/STM32F7xx_HAL_Driver/Inc/Legacy -I../Drivers/CMSIS/Device/ST/STM32F7xx/Include -I../Drivers/CMSIS/Include -O0 -ffunction-sections -fdata-sections -Wall -fstack-usage -fcyclomatic-complexity -MMD -MP -MF"Core/Src/stm32f7xx_hal_msp.d" -MT"Core/Src/stm32f7xx_hal_msp.o" --specs=nano.specs -mfpu=fpv5-sp-d16 -mfloat-abi=hard -mthumb -o "Core/Src/stm32f7xx_hal_msp.o"
arm-none-eabi-gcc "../Core/Src/stm32f7xx_it.c" -mcpu=cortex-m7 -std=gnu11 -g3 -DDEBUG -DUSE_HAL_DRIVER -DSTM32F746xx -c -I../Core/Inc -I../Drivers/STM32F7xx_HAL_Driver/Inc -I../Drivers/STM32F7xx_HAL_Driver/Inc/Legacy -I../Drivers/CMSIS/Device/ST/STM32F7xx/Include -I../Drivers/CMSIS/Include -O0 -ffunction-sections -fdata-sections -Wall -fstack-usage -fcyclomatic-complexity -MMD -MP -MF"Core/Src/stm32f7xx_it.d" -MT"Core/Src/stm32f7xx_it.o" --specs=nano.specs -mfpu=fpv5-sp-d16 -mfloat-abi=hard -mthumb -o "Core/Src/stm32f7xx_it.o"
arm-none-eabi-gcc "../Core/Src/tim.c" -mcpu=cortex-m7 -std=gnu11 -g3 -DDEBUG -DUSE_HAL_DRIVER -DSTM32F746xx -c -I../Core/Inc -I../Drivers/STM32F7xx_HAL_Driver/Inc -I../Drivers/STM32F7xx_HAL_Driver/Inc/Legacy -I../Drivers/CMSIS/Device/ST/STM32F7xx/Include -I../Drivers/CMSIS/Include -O0 -ffunction-sections -fdata-sections -Wall -fstack-usage -fcyclomatic-complexity -MMD -MP -MF"Core/Src/tim.d" -MT"Core/Src/tim.o" --specs=nano.specs -mfpu=fpv5-sp-d16 -mfloat-abi=hard -mthumb -o "Core/Src/tim.o"
arm-none-eabi-gcc "../Core/Src/usart.c" -mcpu=cortex-m7 -std=gnu11 -g3 -DDEBUG -DUSE_HAL_DRIVER -DSTM32F746xx -c -I../Core/Inc -I../Drivers/STM32F7xx_HAL_Driver/Inc -I../Drivers/STM32F7xx_HAL_Driver/Inc/Legacy -I../Drivers/CMSIS/Device/ST/STM32F7xx/Include -I../Drivers/CMSIS/Include -O0 -ffunction-sections -fdata-sections -Wall -fstack-usage -fcyclomatic-complexity -MMD -MP -MF"Core/Src/usart.d" -MT"Core/Src/usart.o" --specs=nano.specs -mfpu=fpv5-sp-d16 -mfloat-abi=hard -mthumb -o "Core/Src/usart.o"
arm-none-eabi-gcc -o "L03_Example.elf" @"objects.list"   -mcpu=cortex-m7 -T"C:\Users\AW\STM32CubeIDE\workspace_1.13.0\NUCLEO-F746ZG-Examples-ver-2023-24\L03_Example\STM32F746ZGTX_FLASH.ld" --specs=nosys.specs -Wl,-Map="L03_Example.map" -Wl,--gc-sections -static --specs=nano.specs -mfpu=fpv5-sp-d16 -mfloat-abi=hard -mthumb -Wl,--start-group -lc -lm -Wl,--end-group
Finished building target: L03_Example.elf
 
arm-none-eabi-size   L03_Example.elf 
arm-none-eabi-objdump -h -S  L03_Example.elf  > "L03_Example.list"
   text	   data	    bss	    dec	    hex	filename
  19132	    100	   2180	  21412	   53a4	L03_Example.elf
Finished building: default.size.stdout
 
Finished building: L03_Example.list
 
17:00:26 **** Incremental Build of configuration Debug for project L03_Example ****
make -j12 all 
arm-none-eabi-gcc "../Core/Src/tim.c" -mcpu=cortex-m7 -std=gnu11 -g3 -DDEBUG -DUSE_HAL_DRIVER -DSTM32F746xx -c -I../Core/Inc -I../Drivers/STM32F7xx_HAL_Driver/Inc -I../Drivers/STM32F7xx_HAL_Driver/Inc/Legacy -I../Drivers/CMSIS/Device/ST/STM32F7xx/Include -I../Drivers/CMSIS/Include -O0 -ffunction-sections -fdata-sections -Wall -fstack-usage -fcyclomatic-complexity -MMD -MP -MF"Core/Src/tim.d" -MT"Core/Src/tim.o" --specs=nano.specs -mfpu=fpv5-sp-d16 -mfloat-abi=hard -mthumb -o "Core/Src/tim.o"
arm-none-eabi-gcc -o "L03_Example.elf" @"objects.list"   -mcpu=cortex-m7 -T"C:\Users\AW\STM32CubeIDE\workspace_1.13.0\NUCLEO-F746ZG-Examples-ver-2023-24\L03_Example\STM32F746ZGTX_FLASH.ld" --specs=nosys.specs -Wl,-Map="L03_Example.map" -Wl,--gc-sections -static --specs=nano.specs -mfpu=fpv5-sp-d16 -mfloat-abi=hard -mthumb -Wl,--start-group -lc -lm -Wl,--end-group
Finished building target: L03_Example.elf
 
arm-none-eabi-size   L03_Example.elf 
arm-none-eabi-objdump -h -S  L03_Example.elf  > "L03_Example.list"
   text	   data	    bss	    dec	    hex	filename
  19132	    100	   2180	  21412	   53a4	L03_Example.elf
Finished building: default.size.stdout
 
Finished building: L03_Example.list
 
