14:46:00 **** Build of configuration Debug for project L09_Example ****
make -j12 all 
arm-none-eabi-size   L09_Example.elf 
   text	   data	    bss	    dec	    hex	filename
  48060	    540	   2244	  50844	   c69c	L09_Example.elf
Finished building: default.size.stdout
 
14:46:21 **** Incremental Build of configuration Debug for project L09_Example ****
make -j12 all 
arm-none-eabi-size   L09_Example.elf 
   text	   data	    bss	    dec	    hex	filename
  48060	    540	   2244	  50844	   c69c	L09_Example.elf
Finished building: default.size.stdout
 
14:46:49 **** Incremental Build of configuration Debug for project L09_Example ****
make -j12 all 
arm-none-eabi-size   L09_Example.elf 
   text	   data	    bss	    dec	    hex	filename
  48060	    540	   2244	  50844	   c69c	L09_Example.elf
Finished building: default.size.stdout
 
14:49:11 **** Build of configuration Debug for project L09_Example ****
make -j12 all 
arm-none-eabi-size   L09_Example.elf 
   text	   data	    bss	    dec	    hex	filename
  48060	    540	   2244	  50844	   c69c	L09_Example.elf
Finished building: default.size.stdout
 
