15:18:13 **** Incremental Build of configuration Debug for project L02_Example ****
make -j12 all 
arm-none-eabi-gcc "../Core/Src/main.c" -mcpu=cortex-m7 -std=gnu11 -g3 -DDEBUG -DUSE_HAL_DRIVER -DSTM32F746xx -c -I../Core/Inc -I../Drivers/STM32F7xx_HAL_Driver/Inc -I../Drivers/STM32F7xx_HAL_Driver/Inc/Legacy -I../Drivers/CMSIS/Device/ST/STM32F7xx/Include -I../Drivers/CMSIS/Include -I"C:/Users/AW/STM32CubeIDE/workspace_1.13.0/NUCLEO-F746ZG-Examples-ver-2023-24/L02_Example/Components/Inc" -O0 -ffunction-sections -fdata-sections -Wall -fstack-usage -fcyclomatic-complexity -MMD -MP -MF"Core/Src/main.d" -MT"Core/Src/main.o" --specs=nano.specs -mfpu=fpv5-sp-d16 -mfloat-abi=hard -mthumb -o "Core/Src/main.o"
arm-none-eabi-gcc "../Components/Src/serial_api.c" -mcpu=cortex-m7 -std=gnu11 -g3 -DDEBUG -DUSE_HAL_DRIVER -DSTM32F746xx -c -I../Core/Inc -I../Drivers/STM32F7xx_HAL_Driver/Inc -I../Drivers/STM32F7xx_HAL_Driver/Inc/Legacy -I../Drivers/CMSIS/Device/ST/STM32F7xx/Include -I../Drivers/CMSIS/Include -I"C:/Users/AW/STM32CubeIDE/workspace_1.13.0/NUCLEO-F746ZG-Examples-ver-2023-24/L02_Example/Components/Inc" -O0 -ffunction-sections -fdata-sections -Wall -fstack-usage -fcyclomatic-complexity -MMD -MP -MF"Components/Src/serial_api.d" -MT"Components/Src/serial_api.o" --specs=nano.specs -mfpu=fpv5-sp-d16 -mfloat-abi=hard -mthumb -o "Components/Src/serial_api.o"
arm-none-eabi-gcc "../Components/Src/serial_api_config.c" -mcpu=cortex-m7 -std=gnu11 -g3 -DDEBUG -DUSE_HAL_DRIVER -DSTM32F746xx -c -I../Core/Inc -I../Drivers/STM32F7xx_HAL_Driver/Inc -I../Drivers/STM32F7xx_HAL_Driver/Inc/Legacy -I../Drivers/CMSIS/Device/ST/STM32F7xx/Include -I../Drivers/CMSIS/Include -I"C:/Users/AW/STM32CubeIDE/workspace_1.13.0/NUCLEO-F746ZG-Examples-ver-2023-24/L02_Example/Components/Inc" -O0 -ffunction-sections -fdata-sections -Wall -fstack-usage -fcyclomatic-complexity -MMD -MP -MF"Components/Src/serial_api_config.d" -MT"Components/Src/serial_api_config.o" --specs=nano.specs -mfpu=fpv5-sp-d16 -mfloat-abi=hard -mthumb -o "Components/Src/serial_api_config.o"
arm-none-eabi-gcc -o "L02_Example.elf" @"objects.list"   -mcpu=cortex-m7 -T"C:\Users\AW\STM32CubeIDE\workspace_1.13.0\NUCLEO-F746ZG-Examples-ver-2023-24\L02_Example\STM32F746ZGTX_FLASH.ld" --specs=nosys.specs -Wl,-Map="L02_Example.map" -Wl,--gc-sections -static --specs=nano.specs -mfpu=fpv5-sp-d16 -mfloat-abi=hard -mthumb -Wl,--start-group -lc -lm -Wl,--end-group
Finished building target: L02_Example.elf
 
arm-none-eabi-size   L02_Example.elf 
arm-none-eabi-objdump -h -S  L02_Example.elf  > "L02_Example.list"
   text	   data	    bss	    dec	    hex	filename
  15752	    184	   2120	  18056	   4688	L02_Example.elf
Finished building: default.size.stdout
 
Finished building: L02_Example.list
 
15:18:20 **** Incremental Build of configuration Debug for project L02_Example ****
make -j12 all 
arm-none-eabi-size   L02_Example.elf 
   text	   data	    bss	    dec	    hex	filename
  15752	    184	   2120	  18056	   4688	L02_Example.elf
Finished building: default.size.stdout
 
15:19:51 **** Incremental Build of configuration Debug for project L02_Example ****
make -j12 all 
arm-none-eabi-gcc "../Components/Src/serial_api_config.c" -mcpu=cortex-m7 -std=gnu11 -g3 -DDEBUG -DUSE_HAL_DRIVER -DSTM32F746xx -c -I../Core/Inc -I../Drivers/STM32F7xx_HAL_Driver/Inc -I../Drivers/STM32F7xx_HAL_Driver/Inc/Legacy -I../Drivers/CMSIS/Device/ST/STM32F7xx/Include -I../Drivers/CMSIS/Include -I"C:/Users/AW/STM32CubeIDE/workspace_1.13.0/NUCLEO-F746ZG-Examples-ver-2023-24/L02_Example/Components/Inc" -O0 -ffunction-sections -fdata-sections -Wall -fstack-usage -fcyclomatic-complexity -MMD -MP -MF"Components/Src/serial_api_config.d" -MT"Components/Src/serial_api_config.o" --specs=nano.specs -mfpu=fpv5-sp-d16 -mfloat-abi=hard -mthumb -o "Components/Src/serial_api_config.o"
arm-none-eabi-gcc -o "L02_Example.elf" @"objects.list"   -mcpu=cortex-m7 -T"C:\Users\AW\STM32CubeIDE\workspace_1.13.0\NUCLEO-F746ZG-Examples-ver-2023-24\L02_Example\STM32F746ZGTX_FLASH.ld" --specs=nosys.specs -Wl,-Map="L02_Example.map" -Wl,--gc-sections -static --specs=nano.specs -mfpu=fpv5-sp-d16 -mfloat-abi=hard -mthumb -Wl,--start-group -lc -lm -Wl,--end-group
Finished building target: L02_Example.elf
 
arm-none-eabi-size   L02_Example.elf 
arm-none-eabi-objdump -h -S  L02_Example.elf  > "L02_Example.list"
   text	   data	    bss	    dec	    hex	filename
  15752	    184	   2120	  18056	   4688	L02_Example.elf
Finished building: default.size.stdout
 
Finished building: L02_Example.list
 
