12:50:08 **** Build of configuration Debug for project L05_Example ****
make -j12 all 
arm-none-eabi-size   L05_Example.elf 
   text	   data	    bss	    dec	    hex	filename
  27944	    132	   2292	  30368	   76a0	L05_Example.elf
Finished building: default.size.stdout
 
13:36:05 **** Incremental Build of configuration Debug for project L05_Example ****
make -j12 all 
arm-none-eabi-gcc "../Core/Src/main.c" -mcpu=cortex-m7 -std=gnu11 -g3 -DDEBUG -DUSE_HAL_DRIVER -DSTM32F746xx -c -I../Core/Inc -I../Drivers/STM32F7xx_HAL_Driver/Inc -I../Drivers/STM32F7xx_HAL_Driver/Inc/Legacy -I../Drivers/CMSIS/Device/ST/STM32F7xx/Include -I../Drivers/CMSIS/Include -I"C:/Users/AW/STM32CubeIDE/workspace_1.13.0/NUCLEO-F746ZG-Examples-ver-2023-24/L05_Example/Components/Inc" -O0 -ffunction-sections -fdata-sections -Wall -fstack-usage -fcyclomatic-complexity -MMD -MP -MF"Core/Src/main.d" -MT"Core/Src/main.o" --specs=nano.specs -mfpu=fpv5-sp-d16 -mfloat-abi=hard -mthumb -o "Core/Src/main.o"
arm-none-eabi-gcc -o "L05_Example.elf" @"objects.list"   -mcpu=cortex-m7 -T"C:\Users\AW\STM32CubeIDE\workspace_1.13.0\NUCLEO-F746ZG-Examples-ver-2023-24\L05_Example\STM32F746ZGTX_FLASH.ld" --specs=nosys.specs -Wl,-Map="L05_Example.map" -Wl,--gc-sections -static --specs=nano.specs -mfpu=fpv5-sp-d16 -mfloat-abi=hard -mthumb -Wl,--start-group -lc -lm -Wl,--end-group
Finished building target: L05_Example.elf
 
arm-none-eabi-size   L05_Example.elf 
arm-none-eabi-objdump -h -S  L05_Example.elf  > "L05_Example.list"
   text	   data	    bss	    dec	    hex	filename
  24980	    116	   2284	  27380	   6af4	L05_Example.elf
Finished building: default.size.stdout
 
Finished building: L05_Example.list
 
13:37:31 **** Incremental Build of configuration Debug for project L05_Example ****
make -j12 all 
arm-none-eabi-gcc "../Core/Src/main.c" -mcpu=cortex-m7 -std=gnu11 -g3 -DDEBUG -DUSE_HAL_DRIVER -DSTM32F746xx -c -I../Core/Inc -I../Drivers/STM32F7xx_HAL_Driver/Inc -I../Drivers/STM32F7xx_HAL_Driver/Inc/Legacy -I../Drivers/CMSIS/Device/ST/STM32F7xx/Include -I../Drivers/CMSIS/Include -I"C:/Users/AW/STM32CubeIDE/workspace_1.13.0/NUCLEO-F746ZG-Examples-ver-2023-24/L05_Example/Components/Inc" -O0 -ffunction-sections -fdata-sections -Wall -fstack-usage -fcyclomatic-complexity -MMD -MP -MF"Core/Src/main.d" -MT"Core/Src/main.o" --specs=nano.specs -mfpu=fpv5-sp-d16 -mfloat-abi=hard -mthumb -o "Core/Src/main.o"
arm-none-eabi-gcc -o "L05_Example.elf" @"objects.list"   -mcpu=cortex-m7 -T"C:\Users\AW\STM32CubeIDE\workspace_1.13.0\NUCLEO-F746ZG-Examples-ver-2023-24\L05_Example\STM32F746ZGTX_FLASH.ld" --specs=nosys.specs -Wl,-Map="L05_Example.map" -Wl,--gc-sections -static --specs=nano.specs -mfpu=fpv5-sp-d16 -mfloat-abi=hard -mthumb -Wl,--start-group -lc -lm -Wl,--end-group
Finished building target: L05_Example.elf
 
arm-none-eabi-size   L05_Example.elf 
arm-none-eabi-objdump -h -S  L05_Example.elf  > "L05_Example.list"
   text	   data	    bss	    dec	    hex	filename
  24980	    116	   2284	  27380	   6af4	L05_Example.elf
Finished building: default.size.stdout
 
Finished building: L05_Example.list
 
13:49:42 **** Incremental Build of configuration Debug for project L05_Example ****
make -j12 all 
arm-none-eabi-size   L05_Example.elf 
   text	   data	    bss	    dec	    hex	filename
  24980	    116	   2284	  27380	   6af4	L05_Example.elf
Finished building: default.size.stdout
 
13:55:15 **** Incremental Build of configuration Debug for project L05_Example ****
make -j12 all 
arm-none-eabi-gcc "../Core/Src/main.c" -mcpu=cortex-m7 -std=gnu11 -g3 -DDEBUG -DUSE_HAL_DRIVER -DSTM32F746xx -c -I../Core/Inc -I../Drivers/STM32F7xx_HAL_Driver/Inc -I../Drivers/STM32F7xx_HAL_Driver/Inc/Legacy -I../Drivers/CMSIS/Device/ST/STM32F7xx/Include -I../Drivers/CMSIS/Include -I"C:/Users/AW/STM32CubeIDE/workspace_1.13.0/NUCLEO-F746ZG-Examples-ver-2023-24/L05_Example/Components/Inc" -O0 -ffunction-sections -fdata-sections -Wall -fstack-usage -fcyclomatic-complexity -MMD -MP -MF"Core/Src/main.d" -MT"Core/Src/main.o" --specs=nano.specs -mfpu=fpv5-sp-d16 -mfloat-abi=hard -mthumb -o "Core/Src/main.o"
arm-none-eabi-gcc -o "L05_Example.elf" @"objects.list"   -mcpu=cortex-m7 -T"C:\Users\AW\STM32CubeIDE\workspace_1.13.0\NUCLEO-F746ZG-Examples-ver-2023-24\L05_Example\STM32F746ZGTX_FLASH.ld" --specs=nosys.specs -Wl,-Map="L05_Example.map" -Wl,--gc-sections -static --specs=nano.specs -mfpu=fpv5-sp-d16 -mfloat-abi=hard -mthumb -Wl,--start-group -lc -lm -Wl,--end-group
Finished building target: L05_Example.elf
 
arm-none-eabi-size   L05_Example.elf 
arm-none-eabi-objdump -h -S  L05_Example.elf  > "L05_Example.list"
   text	   data	    bss	    dec	    hex	filename
  27880	    132	   2292	  30304	   7660	L05_Example.elf
Finished building: default.size.stdout
 
Finished building: L05_Example.list
 
13:57:06 **** Incremental Build of configuration Debug for project L05_Example ****
make -j12 all 
arm-none-eabi-gcc "../Core/Src/main.c" -mcpu=cortex-m7 -std=gnu11 -g3 -DDEBUG -DUSE_HAL_DRIVER -DSTM32F746xx -c -I../Core/Inc -I../Drivers/STM32F7xx_HAL_Driver/Inc -I../Drivers/STM32F7xx_HAL_Driver/Inc/Legacy -I../Drivers/CMSIS/Device/ST/STM32F7xx/Include -I../Drivers/CMSIS/Include -I"C:/Users/AW/STM32CubeIDE/workspace_1.13.0/NUCLEO-F746ZG-Examples-ver-2023-24/L05_Example/Components/Inc" -O0 -ffunction-sections -fdata-sections -Wall -fstack-usage -fcyclomatic-complexity -MMD -MP -MF"Core/Src/main.d" -MT"Core/Src/main.o" --specs=nano.specs -mfpu=fpv5-sp-d16 -mfloat-abi=hard -mthumb -o "Core/Src/main.o"
arm-none-eabi-gcc -o "L05_Example.elf" @"objects.list"   -mcpu=cortex-m7 -T"C:\Users\AW\STM32CubeIDE\workspace_1.13.0\NUCLEO-F746ZG-Examples-ver-2023-24\L05_Example\STM32F746ZGTX_FLASH.ld" --specs=nosys.specs -Wl,-Map="L05_Example.map" -Wl,--gc-sections -static --specs=nano.specs -mfpu=fpv5-sp-d16 -mfloat-abi=hard -mthumb -Wl,--start-group -lc -lm -Wl,--end-group
Finished building target: L05_Example.elf
 
arm-none-eabi-size   L05_Example.elf 
arm-none-eabi-objdump -h -S  L05_Example.elf  > "L05_Example.list"
   text	   data	    bss	    dec	    hex	filename
  27944	    132	   2292	  30368	   76a0	L05_Example.elf
Finished building: default.size.stdout
 
Finished building: L05_Example.list
 
15:32:30 **** Incremental Build of configuration Debug for project L05_Example ****
make -j12 all 
arm-none-eabi-gcc "../Core/Src/main.c" -mcpu=cortex-m7 -std=gnu11 -g3 -DDEBUG -DUSE_HAL_DRIVER -DSTM32F746xx -c -I../Core/Inc -I../Drivers/STM32F7xx_HAL_Driver/Inc -I../Drivers/STM32F7xx_HAL_Driver/Inc/Legacy -I../Drivers/CMSIS/Device/ST/STM32F7xx/Include -I../Drivers/CMSIS/Include -I"C:/Users/AW/STM32CubeIDE/workspace_1.13.0/NUCLEO-F746ZG-Examples-ver-2023-24/L05_Example/Components/Inc" -O0 -ffunction-sections -fdata-sections -Wall -fstack-usage -fcyclomatic-complexity -MMD -MP -MF"Core/Src/main.d" -MT"Core/Src/main.o" --specs=nano.specs -mfpu=fpv5-sp-d16 -mfloat-abi=hard -mthumb -o "Core/Src/main.o"
../Core/Src/main.c: In function 'HAL_TIM_PeriodElapsedCallback':
../Core/Src/main.c:74:5: error: 'Illuminance_lux_Int' undeclared (first use in this function); did you mean 'Illuminance_lux'?
   74 |     Illuminance_lux_Int = Illuminance_millilux_Int * 1000.0f;
      |     ^~~~~~~~~~~~~~~~~~~
      |     Illuminance_lux
../Core/Src/main.c:74:5: note: each undeclared identifier is reported only once for each function it appears in
make: *** [Core/Src/subdir.mk:46: Core/Src/main.o] Error 1
"make -j12 all" terminated with exit code 2. Build might be incomplete.
15:32:56 **** Incremental Build of configuration Debug for project L05_Example ****
make -j12 all 
arm-none-eabi-gcc "../Core/Src/main.c" -mcpu=cortex-m7 -std=gnu11 -g3 -DDEBUG -DUSE_HAL_DRIVER -DSTM32F746xx -c -I../Core/Inc -I../Drivers/STM32F7xx_HAL_Driver/Inc -I../Drivers/STM32F7xx_HAL_Driver/Inc/Legacy -I../Drivers/CMSIS/Device/ST/STM32F7xx/Include -I../Drivers/CMSIS/Include -I"C:/Users/AW/STM32CubeIDE/workspace_1.13.0/NUCLEO-F746ZG-Examples-ver-2023-24/L05_Example/Components/Inc" -O0 -ffunction-sections -fdata-sections -Wall -fstack-usage -fcyclomatic-complexity -MMD -MP -MF"Core/Src/main.d" -MT"Core/Src/main.o" --specs=nano.specs -mfpu=fpv5-sp-d16 -mfloat-abi=hard -mthumb -o "Core/Src/main.o"
arm-none-eabi-gcc -o "L05_Example.elf" @"objects.list"   -mcpu=cortex-m7 -T"C:\Users\AW\STM32CubeIDE\workspace_1.13.0\NUCLEO-F746ZG-Examples-ver-2023-24\L05_Example\STM32F746ZGTX_FLASH.ld" --specs=nosys.specs -Wl,-Map="L05_Example.map" -Wl,--gc-sections -static --specs=nano.specs -mfpu=fpv5-sp-d16 -mfloat-abi=hard -mthumb -Wl,--start-group -lc -lm -Wl,--end-group
Finished building target: L05_Example.elf
 
arm-none-eabi-size   L05_Example.elf 
arm-none-eabi-objdump -h -S  L05_Example.elf  > "L05_Example.list"
   text	   data	    bss	    dec	    hex	filename
  24976	    116	   2284	  27376	   6af0	L05_Example.elf
Finished building: default.size.stdout
 
Finished building: L05_Example.list
 
15:39:23 **** Incremental Build of configuration Debug for project L05_Example ****
make -j12 all 
arm-none-eabi-gcc "../Core/Src/main.c" -mcpu=cortex-m7 -std=gnu11 -g3 -DDEBUG -DUSE_HAL_DRIVER -DSTM32F746xx -c -I../Core/Inc -I../Drivers/STM32F7xx_HAL_Driver/Inc -I../Drivers/STM32F7xx_HAL_Driver/Inc/Legacy -I../Drivers/CMSIS/Device/ST/STM32F7xx/Include -I../Drivers/CMSIS/Include -I"C:/Users/AW/STM32CubeIDE/workspace_1.13.0/NUCLEO-F746ZG-Examples-ver-2023-24/L05_Example/Components/Inc" -O0 -ffunction-sections -fdata-sections -Wall -fstack-usage -fcyclomatic-complexity -MMD -MP -MF"Core/Src/main.d" -MT"Core/Src/main.o" --specs=nano.specs -mfpu=fpv5-sp-d16 -mfloat-abi=hard -mthumb -o "Core/Src/main.o"
arm-none-eabi-gcc -o "L05_Example.elf" @"objects.list"   -mcpu=cortex-m7 -T"C:\Users\AW\STM32CubeIDE\workspace_1.13.0\NUCLEO-F746ZG-Examples-ver-2023-24\L05_Example\STM32F746ZGTX_FLASH.ld" --specs=nosys.specs -Wl,-Map="L05_Example.map" -Wl,--gc-sections -static --specs=nano.specs -mfpu=fpv5-sp-d16 -mfloat-abi=hard -mthumb -Wl,--start-group -lc -lm -Wl,--end-group
Finished building target: L05_Example.elf
 
arm-none-eabi-size   L05_Example.elf 
arm-none-eabi-objdump -h -S  L05_Example.elf  > "L05_Example.list"
   text	   data	    bss	    dec	    hex	filename
  27880	    132	   2292	  30304	   7660	L05_Example.elf
Finished building: default.size.stdout
 
Finished building: L05_Example.list
 
15:41:41 **** Incremental Build of configuration Debug for project L05_Example ****
make -j12 all 
arm-none-eabi-gcc "../Core/Src/main.c" -mcpu=cortex-m7 -std=gnu11 -g3 -DDEBUG -DUSE_HAL_DRIVER -DSTM32F746xx -c -I../Core/Inc -I../Drivers/STM32F7xx_HAL_Driver/Inc -I../Drivers/STM32F7xx_HAL_Driver/Inc/Legacy -I../Drivers/CMSIS/Device/ST/STM32F7xx/Include -I../Drivers/CMSIS/Include -I"C:/Users/AW/STM32CubeIDE/workspace_1.13.0/NUCLEO-F746ZG-Examples-ver-2023-24/L05_Example/Components/Inc" -O0 -ffunction-sections -fdata-sections -Wall -fstack-usage -fcyclomatic-complexity -MMD -MP -MF"Core/Src/main.d" -MT"Core/Src/main.o" --specs=nano.specs -mfpu=fpv5-sp-d16 -mfloat-abi=hard -mthumb -o "Core/Src/main.o"
arm-none-eabi-gcc -o "L05_Example.elf" @"objects.list"   -mcpu=cortex-m7 -T"C:\Users\AW\STM32CubeIDE\workspace_1.13.0\NUCLEO-F746ZG-Examples-ver-2023-24\L05_Example\STM32F746ZGTX_FLASH.ld" --specs=nosys.specs -Wl,-Map="L05_Example.map" -Wl,--gc-sections -static --specs=nano.specs -mfpu=fpv5-sp-d16 -mfloat-abi=hard -mthumb -Wl,--start-group -lc -lm -Wl,--end-group
Finished building target: L05_Example.elf
 
arm-none-eabi-size   L05_Example.elf 
arm-none-eabi-objdump -h -S  L05_Example.elf  > "L05_Example.list"
   text	   data	    bss	    dec	    hex	filename
  27944	    132	   2292	  30368	   76a0	L05_Example.elf
Finished building: default.size.stdout
 
Finished building: L05_Example.list
 
17:10:16 **** Incremental Build of configuration Debug for project L05_Example ****
make -j12 all 
arm-none-eabi-gcc "../Core/Src/usart.c" -mcpu=cortex-m7 -std=gnu11 -g3 -DDEBUG -DUSE_HAL_DRIVER -DSTM32F746xx -c -I../Core/Inc -I../Drivers/STM32F7xx_HAL_Driver/Inc -I../Drivers/STM32F7xx_HAL_Driver/Inc/Legacy -I../Drivers/CMSIS/Device/ST/STM32F7xx/Include -I../Drivers/CMSIS/Include -I"C:/Users/AW/STM32CubeIDE/workspace_1.13.0/NUCLEO-F746ZG-Examples-ver-2023-24/L05_Example/Components/Inc" -O0 -ffunction-sections -fdata-sections -Wall -fstack-usage -fcyclomatic-complexity -MMD -MP -MF"Core/Src/usart.d" -MT"Core/Src/usart.o" --specs=nano.specs -mfpu=fpv5-sp-d16 -mfloat-abi=hard -mthumb -o "Core/Src/usart.o"
arm-none-eabi-gcc -o "L05_Example.elf" @"objects.list"   -mcpu=cortex-m7 -T"C:\Users\AW\STM32CubeIDE\workspace_1.13.0\NUCLEO-F746ZG-Examples-ver-2023-24\L05_Example\STM32F746ZGTX_FLASH.ld" --specs=nosys.specs -Wl,-Map="L05_Example.map" -Wl,--gc-sections -static --specs=nano.specs -mfpu=fpv5-sp-d16 -mfloat-abi=hard -mthumb -Wl,--start-group -lc -lm -Wl,--end-group
C:/ST/STM32CubeIDE_1.8.0/STM32CubeIDE/plugins/com.st.stm32cube.ide.mcu.externaltools.gnu-tools-for-stm32.11.3.rel1.win32_1.1.1.202309131626/tools/bin/../lib/gcc/arm-none-eabi/11.3.1/../../../../arm-none-eabi/bin/ld.exe: ./Core/Src/usart.o:C:/Users/AW/STM32CubeIDE/workspace_1.13.0/NUCLEO-F746ZG-Examples-ver-2023-24/L05_Example/Debug/../Core/Src/usart.c:50: multiple definition of `Illuminance_lux'; ./Core/Src/main.o:C:/Users/AW/STM32CubeIDE/workspace_1.13.0/NUCLEO-F746ZG-Examples-ver-2023-24/L05_Example/Debug/../Core/Src/main.c:53: first defined here
C:/ST/STM32CubeIDE_1.8.0/STM32CubeIDE/plugins/com.st.stm32cube.ide.mcu.externaltools.gnu-tools-for-stm32.11.3.rel1.win32_1.1.1.202309131626/tools/bin/../lib/gcc/arm-none-eabi/11.3.1/../../../../arm-none-eabi/bin/ld.exe: ./Core/Src/usart.o: in function `HAL_TIM_PeriodElapsedCallback':
C:/Users/AW/STM32CubeIDE/workspace_1.13.0/NUCLEO-F746ZG-Examples-ver-2023-24/L05_Example/Debug/../Core/Src/usart.c:68: multiple definition of `HAL_TIM_PeriodElapsedCallback'; ./Core/Src/main.o:C:/Users/AW/STM32CubeIDE/workspace_1.13.0/NUCLEO-F746ZG-Examples-ver-2023-24/L05_Example/Debug/../Core/Src/main.c:74: first defined here
C:/ST/STM32CubeIDE_1.8.0/STM32CubeIDE/plugins/com.st.stm32cube.ide.mcu.externaltools.gnu-tools-for-stm32.11.3.rel1.win32_1.1.1.202309131626/tools/bin/../lib/gcc/arm-none-eabi/11.3.1/../../../../arm-none-eabi/bin/ld.exe: ./Core/Src/usart.o: in function `main':
C:/Users/AW/STM32CubeIDE/workspace_1.13.0/NUCLEO-F746ZG-Examples-ver-2023-24/L05_Example/Debug/../Core/Src/usart.c:93: multiple definition of `main'; ./Core/Src/main.o:C:/Users/AW/STM32CubeIDE/workspace_1.13.0/NUCLEO-F746ZG-Examples-ver-2023-24/L05_Example/Debug/../Core/Src/main.c:116: first defined here
C:/ST/STM32CubeIDE_1.8.0/STM32CubeIDE/plugins/com.st.stm32cube.ide.mcu.externaltools.gnu-tools-for-stm32.11.3.rel1.win32_1.1.1.202309131626/tools/bin/../lib/gcc/arm-none-eabi/11.3.1/../../../../arm-none-eabi/bin/ld.exe: ./Core/Src/usart.o: in function `SystemClock_Config':
C:/Users/AW/STM32CubeIDE/workspace_1.13.0/NUCLEO-F746ZG-Examples-ver-2023-24/L05_Example/Debug/../Core/Src/usart.c:141: multiple definition of `SystemClock_Config'; ./Core/Src/main.o:C:/Users/AW/STM32CubeIDE/workspace_1.13.0/NUCLEO-F746ZG-Examples-ver-2023-24/L05_Example/Debug/../Core/Src/main.c:166: first defined here
C:/ST/STM32CubeIDE_1.8.0/STM32CubeIDE/plugins/com.st.stm32cube.ide.mcu.externaltools.gnu-tools-for-stm32.11.3.rel1.win32_1.1.1.202309131626/tools/bin/../lib/gcc/arm-none-eabi/11.3.1/../../../../arm-none-eabi/bin/ld.exe: ./Core/Src/usart.o: in function `Error_Handler':
C:/Users/AW/STM32CubeIDE/workspace_1.13.0/NUCLEO-F746ZG-Examples-ver-2023-24/L05_Example/Debug/../Core/Src/usart.c:201: multiple definition of `Error_Handler'; ./Core/Src/main.o:C:/Users/AW/STM32CubeIDE/workspace_1.13.0/NUCLEO-F746ZG-Examples-ver-2023-24/L05_Example/Debug/../Core/Src/main.c:226: first defined here
C:/ST/STM32CubeIDE_1.8.0/STM32CubeIDE/plugins/com.st.stm32cube.ide.mcu.externaltools.gnu-tools-for-stm32.11.3.rel1.win32_1.1.1.202309131626/tools/bin/../lib/gcc/arm-none-eabi/11.3.1/../../../../arm-none-eabi/bin/ld.exe: ./Core/Src/main.o: in function `HAL_UART_RxCpltCallback':
C:/Users/AW/STM32CubeIDE/workspace_1.13.0/NUCLEO-F746ZG-Examples-ver-2023-24/L05_Example/Debug/../Core/Src/main.c:107: undefined reference to `huart3'
C:/ST/STM32CubeIDE_1.8.0/STM32CubeIDE/plugins/com.st.stm32cube.ide.mcu.externaltools.gnu-tools-for-stm32.11.3.rel1.win32_1.1.1.202309131626/tools/bin/../lib/gcc/arm-none-eabi/11.3.1/../../../../arm-none-eabi/bin/ld.exe: ./Core/Src/main.o: in function `main':
C:/Users/AW/STM32CubeIDE/workspace_1.13.0/NUCLEO-F746ZG-Examples-ver-2023-24/L05_Example/Debug/../Core/Src/main.c:139: undefined reference to `MX_USART3_UART_Init'
C:/ST/STM32CubeIDE_1.8.0/STM32CubeIDE/plugins/com.st.stm32cube.ide.mcu.externaltools.gnu-tools-for-stm32.11.3.rel1.win32_1.1.1.202309131626/tools/bin/../lib/gcc/arm-none-eabi/11.3.1/../../../../arm-none-eabi/bin/ld.exe: C:/Users/AW/STM32CubeIDE/workspace_1.13.0/NUCLEO-F746ZG-Examples-ver-2023-24/L05_Example/Debug/../Core/Src/main.c:152: undefined reference to `huart3'
C:/ST/STM32CubeIDE_1.8.0/STM32CubeIDE/plugins/com.st.stm32cube.ide.mcu.externaltools.gnu-tools-for-stm32.11.3.rel1.win32_1.1.1.202309131626/tools/bin/../lib/gcc/arm-none-eabi/11.3.1/../../../../arm-none-eabi/bin/ld.exe: ./Core/Src/stm32f7xx_it.o: in function `USART3_IRQHandler':
C:/Users/AW/STM32CubeIDE/workspace_1.13.0/NUCLEO-F746ZG-Examples-ver-2023-24/L05_Example/Debug/../Core/Src/stm32f7xx_it.c:214: undefined reference to `huart3'
collect2.exe: error: ld returned 1 exit status
make: *** [makefile:65: L05_Example.elf] Error 1
"make -j12 all" terminated with exit code 2. Build might be incomplete.
17:10:54 **** Incremental Build of configuration Debug for project L05_Example ****
make -j12 all 
arm-none-eabi-gcc "../Core/Src/main.c" -mcpu=cortex-m7 -std=gnu11 -g3 -DDEBUG -DUSE_HAL_DRIVER -DSTM32F746xx -c -I../Core/Inc -I../Drivers/STM32F7xx_HAL_Driver/Inc -I../Drivers/STM32F7xx_HAL_Driver/Inc/Legacy -I../Drivers/CMSIS/Device/ST/STM32F7xx/Include -I../Drivers/CMSIS/Include -I"C:/Users/AW/STM32CubeIDE/workspace_1.13.0/NUCLEO-F746ZG-Examples-ver-2023-24/L05_Example/Components/Inc" -O0 -ffunction-sections -fdata-sections -Wall -fstack-usage -fcyclomatic-complexity -MMD -MP -MF"Core/Src/main.d" -MT"Core/Src/main.o" --specs=nano.specs -mfpu=fpv5-sp-d16 -mfloat-abi=hard -mthumb -o "Core/Src/main.o"
arm-none-eabi-gcc "../Core/Src/usart.c" -mcpu=cortex-m7 -std=gnu11 -g3 -DDEBUG -DUSE_HAL_DRIVER -DSTM32F746xx -c -I../Core/Inc -I../Drivers/STM32F7xx_HAL_Driver/Inc -I../Drivers/STM32F7xx_HAL_Driver/Inc/Legacy -I../Drivers/CMSIS/Device/ST/STM32F7xx/Include -I../Drivers/CMSIS/Include -I"C:/Users/AW/STM32CubeIDE/workspace_1.13.0/NUCLEO-F746ZG-Examples-ver-2023-24/L05_Example/Components/Inc" -O0 -ffunction-sections -fdata-sections -Wall -fstack-usage -fcyclomatic-complexity -MMD -MP -MF"Core/Src/usart.d" -MT"Core/Src/usart.o" --specs=nano.specs -mfpu=fpv5-sp-d16 -mfloat-abi=hard -mthumb -o "Core/Src/usart.o"
../Core/Src/main.c: In function 'HAL_TIM_PeriodElapsedCallback':
../Core/Src/main.c:74:5: error: 'Illuminance_lux_Int' undeclared (first use in this function); did you mean 'Illuminance_lux'?
   74 |     Illuminance_lux_Int = Illuminance_lux * 1000.0f;
      |     ^~~~~~~~~~~~~~~~~~~
      |     Illuminance_lux
../Core/Src/main.c:74:5: note: each undeclared identifier is reported only once for each function it appears in
make: *** [Core/Src/subdir.mk:46: Core/Src/main.o] Error 1
make: *** Waiting for unfinished jobs....
"make -j12 all" terminated with exit code 2. Build might be incomplete.
17:11:00 **** Incremental Build of configuration Debug for project L05_Example ****
make -j12 all 
arm-none-eabi-gcc "../Core/Src/main.c" -mcpu=cortex-m7 -std=gnu11 -g3 -DDEBUG -DUSE_HAL_DRIVER -DSTM32F746xx -c -I../Core/Inc -I../Drivers/STM32F7xx_HAL_Driver/Inc -I../Drivers/STM32F7xx_HAL_Driver/Inc/Legacy -I../Drivers/CMSIS/Device/ST/STM32F7xx/Include -I../Drivers/CMSIS/Include -I"C:/Users/AW/STM32CubeIDE/workspace_1.13.0/NUCLEO-F746ZG-Examples-ver-2023-24/L05_Example/Components/Inc" -O0 -ffunction-sections -fdata-sections -Wall -fstack-usage -fcyclomatic-complexity -MMD -MP -MF"Core/Src/main.d" -MT"Core/Src/main.o" --specs=nano.specs -mfpu=fpv5-sp-d16 -mfloat-abi=hard -mthumb -o "Core/Src/main.o"
arm-none-eabi-gcc -o "L05_Example.elf" @"objects.list"   -mcpu=cortex-m7 -T"C:\Users\AW\STM32CubeIDE\workspace_1.13.0\NUCLEO-F746ZG-Examples-ver-2023-24\L05_Example\STM32F746ZGTX_FLASH.ld" --specs=nosys.specs -Wl,-Map="L05_Example.map" -Wl,--gc-sections -static --specs=nano.specs -mfpu=fpv5-sp-d16 -mfloat-abi=hard -mthumb -Wl,--start-group -lc -lm -Wl,--end-group
Finished building target: L05_Example.elf
 
arm-none-eabi-size   L05_Example.elf 
arm-none-eabi-objdump -h -S  L05_Example.elf  > "L05_Example.list"
   text	   data	    bss	    dec	    hex	filename
  24976	    116	   2284	  27376	   6af0	L05_Example.elf
Finished building: default.size.stdout
 
Finished building: L05_Example.list
 
17:16:37 **** Incremental Build of configuration Debug for project L05_Example ****
make -j12 all 
arm-none-eabi-gcc "../Core/Src/main.c" -mcpu=cortex-m7 -std=gnu11 -g3 -DDEBUG -DUSE_HAL_DRIVER -DSTM32F746xx -c -I../Core/Inc -I../Drivers/STM32F7xx_HAL_Driver/Inc -I../Drivers/STM32F7xx_HAL_Driver/Inc/Legacy -I../Drivers/CMSIS/Device/ST/STM32F7xx/Include -I../Drivers/CMSIS/Include -I"C:/Users/AW/STM32CubeIDE/workspace_1.13.0/NUCLEO-F746ZG-Examples-ver-2023-24/L05_Example/Components/Inc" -O0 -ffunction-sections -fdata-sections -Wall -fstack-usage -fcyclomatic-complexity -MMD -MP -MF"Core/Src/main.d" -MT"Core/Src/main.o" --specs=nano.specs -mfpu=fpv5-sp-d16 -mfloat-abi=hard -mthumb -o "Core/Src/main.o"
arm-none-eabi-gcc -o "L05_Example.elf" @"objects.list"   -mcpu=cortex-m7 -T"C:\Users\AW\STM32CubeIDE\workspace_1.13.0\NUCLEO-F746ZG-Examples-ver-2023-24\L05_Example\STM32F746ZGTX_FLASH.ld" --specs=nosys.specs -Wl,-Map="L05_Example.map" -Wl,--gc-sections -static --specs=nano.specs -mfpu=fpv5-sp-d16 -mfloat-abi=hard -mthumb -Wl,--start-group -lc -lm -Wl,--end-group
Finished building target: L05_Example.elf
 
arm-none-eabi-size   L05_Example.elf 
arm-none-eabi-objdump -h -S  L05_Example.elf  > "L05_Example.list"
   text	   data	    bss	    dec	    hex	filename
  27880	    132	   2292	  30304	   7660	L05_Example.elf
Finished building: default.size.stdout
 
Finished building: L05_Example.list
 
17:17:48 **** Incremental Build of configuration Debug for project L05_Example ****
make -j12 all 
arm-none-eabi-gcc "../Core/Src/main.c" -mcpu=cortex-m7 -std=gnu11 -g3 -DDEBUG -DUSE_HAL_DRIVER -DSTM32F746xx -c -I../Core/Inc -I../Drivers/STM32F7xx_HAL_Driver/Inc -I../Drivers/STM32F7xx_HAL_Driver/Inc/Legacy -I../Drivers/CMSIS/Device/ST/STM32F7xx/Include -I../Drivers/CMSIS/Include -I"C:/Users/AW/STM32CubeIDE/workspace_1.13.0/NUCLEO-F746ZG-Examples-ver-2023-24/L05_Example/Components/Inc" -O0 -ffunction-sections -fdata-sections -Wall -fstack-usage -fcyclomatic-complexity -MMD -MP -MF"Core/Src/main.d" -MT"Core/Src/main.o" --specs=nano.specs -mfpu=fpv5-sp-d16 -mfloat-abi=hard -mthumb -o "Core/Src/main.o"
arm-none-eabi-gcc -o "L05_Example.elf" @"objects.list"   -mcpu=cortex-m7 -T"C:\Users\AW\STM32CubeIDE\workspace_1.13.0\NUCLEO-F746ZG-Examples-ver-2023-24\L05_Example\STM32F746ZGTX_FLASH.ld" --specs=nosys.specs -Wl,-Map="L05_Example.map" -Wl,--gc-sections -static --specs=nano.specs -mfpu=fpv5-sp-d16 -mfloat-abi=hard -mthumb -Wl,--start-group -lc -lm -Wl,--end-group
Finished building target: L05_Example.elf
 
arm-none-eabi-size   L05_Example.elf 
arm-none-eabi-objdump -h -S  L05_Example.elf  > "L05_Example.list"
   text	   data	    bss	    dec	    hex	filename
  27944	    132	   2292	  30368	   76a0	L05_Example.elf
Finished building: default.size.stdout
 
Finished building: L05_Example.list
 
