23:00:28 **** Build of configuration Debug for project L01_Example ****
make -j12 all 
arm-none-eabi-gcc -o "L01_Example.elf" @"objects.list"   -mcpu=cortex-m7 -T"C:\Users\AW\STM32CubeIDE\workspace_1.13.0\NUCLEO-F746ZG-Examples-ver-2023-24\L01_Example\STM32F746ZGTX_FLASH.ld" --specs=nosys.specs -Wl,-Map="L01_Example.map" -Wl,--gc-sections -static --specs=nano.specs -mfpu=fpv5-sp-d16 -mfloat-abi=hard -mthumb -Wl,--start-group -lc -lm -Wl,--end-group
Finished building target: L01_Example.elf
 
arm-none-eabi-size   L01_Example.elf 
arm-none-eabi-objdump -h -S  L01_Example.elf  > "L01_Example.list"
   text	   data	    bss	    dec	    hex	filename
  11648	     20	   1708	  13376	   3440	L01_Example.elf
Finished building: default.size.stdout
 
Finished building: L01_Example.list
 

23:00:29 Build Finished. 0 errors, 0 warnings. (took 656ms)

